Archive member included because of file (symbol)

..\..\..\..\..\framework\tcpip\src\crypto\aes_pic32mx.a(AES_CFB.o)
                              build/pic32mx_eth_sk_int_dyn/production/_ext/1164207549/snmpv3_usm.o (AESCFBEncrypt)
..\..\..\..\..\framework\tcpip\src\crypto\aes_pic32mx.a(AES_ECB_PIC32.o)
                              build/pic32mx_eth_sk_int_dyn/production/_ext/1164207549/snmpv3_usm.o (AESCreateRoundKeys)
c:/program files/microchip/xc32/v1.30-tc9/bin/../lib/gcc/pic32mx/4.5.2/../../../../pic32mx/lib\libmchp_peripheral_32MX795F512L.a(port_set_pins_digital_in_lib.o)
                              build/pic32mx_eth_sk_int_dyn/production/_ext/1951764757/system_init.o (PORTSetPinsDigitalIn)
c:/program files/microchip/xc32/v1.30-tc9/bin/../lib/gcc/pic32mx/4.5.2/../../../../pic32mx/lib\libmchp_peripheral_32MX795F512L.a(port_set_pins_digital_out_lib.o)
                              build/pic32mx_eth_sk_int_dyn/production/_ext/1951764757/system_init.o (PORTSetPinsDigitalOut)
c:/program files/microchip/xc32/v1.30-tc9/bin/../lib/gcc/pic32mx/4.5.2/../../../../pic32mx/lib\libmchp_peripheral_32MX795F512L.a(_ports_tbl_libp.o)
                              c:/program files/microchip/xc32/v1.30-tc9/bin/../lib/gcc/pic32mx/4.5.2/../../../../pic32mx/lib\libmchp_peripheral_32MX795F512L.a(port_set_pins_digital_in_lib.o) (PortRegTbl)
c:/program files/microchip/xc32/v1.30-tc9/bin/../lib/gcc/pic32mx/4.5.2\libgcc.a(_udivdi3.o)
                              build/pic32mx_eth_sk_int_dyn/production/_ext/1886247299/big_int.o (__udivdi3)
c:/program files/microchip/xc32/v1.30-tc9/bin/../lib/gcc/pic32mx/4.5.2\libgcc.a(floatunsisf.o)
                              build/pic32mx_eth_sk_int_dyn/production/_ext/52938249/sys_clk_pic32.o (__floatunsisf)
c:/program files/microchip/xc32/v1.30-tc9/bin/../lib/gcc/pic32mx/4.5.2/../../../../pic32mx/lib\libpic32.a(memcmp.o)
                              build/pic32mx_eth_sk_int_dyn/production/_ext/1697634946/drv_ethmac.o (memcmp)
c:/program files/microchip/xc32/v1.30-tc9/bin/../lib/gcc/pic32mx/4.5.2/../../../../pic32mx/lib\libpic32.a(memcpy.o)
                              build/pic32mx_eth_sk_int_dyn/production/_ext/1697634946/drv_ethmac.o (memcpy)
c:/program files/microchip/xc32/v1.30-tc9/bin/../lib/gcc/pic32mx/4.5.2/../../../../pic32mx/lib\libpic32.a(memset.o)
                              build/pic32mx_eth_sk_int_dyn/production/_ext/1697634946/drv_ethmac.o (memset)
c:/program files/microchip/xc32/v1.30-tc9/bin/../lib/gcc/pic32mx/4.5.2/../../../../pic32mx/lib\libpic32.a(strcmp.o)
                              build/pic32mx_eth_sk_int_dyn/production/_ext/1360937237/custom_http_app.o (strcmp)
c:/program files/microchip/xc32/v1.30-tc9/bin/../lib/gcc/pic32mx/4.5.2/../../../../pic32mx/lib\libpic32.a(strcpy.o)
                              build/pic32mx_eth_sk_int_dyn/production/_ext/1360937237/custom_http_app.o (strcpy)
c:/program files/microchip/xc32/v1.30-tc9/bin/../lib/gcc/pic32mx/4.5.2/../../../../pic32mx/lib\libpic32.a(strlen.o)
                              build/pic32mx_eth_sk_int_dyn/production/_ext/1886247299/helpers.o (strlen)
c:/program files/microchip/xc32/v1.30-tc9/bin/../lib/gcc/pic32mx/4.5.2/../../../../pic32mx/lib\libpic32.a(default-bootstrap-exception-handler.o)
                              c:/program files/microchip/xc32/v1.30-tc9/bin/../lib/gcc/pic32mx/4.5.2/../../../../pic32mx/lib/./proc/32MX795F512L/crt0_mips32r2.o (_bootstrap_exception_handler)
c:/program files/microchip/xc32/v1.30-tc9/bin/../lib/gcc/pic32mx/4.5.2/../../../../pic32mx/lib\libpic32.a(default-on-reset.o)
                              c:/program files/microchip/xc32/v1.30-tc9/bin/../lib/gcc/pic32mx/4.5.2/../../../../pic32mx/lib/./proc/32MX795F512L/crt0_mips32r2.o (_on_reset)
c:/program files/microchip/xc32/v1.30-tc9/bin/../lib/gcc/pic32mx/4.5.2/../../../../pic32mx/lib\libpic32.a(default-on-bootstrap.o)
                              c:/program files/microchip/xc32/v1.30-tc9/bin/../lib/gcc/pic32mx/4.5.2/../../../../pic32mx/lib/./proc/32MX795F512L/crt0_mips32r2.o (_on_bootstrap)
c:/program files/microchip/xc32/v1.30-tc9/bin/../lib/gcc/pic32mx/4.5.2/../../../../pic32mx/lib\libpic32.a(default-nmi-handler.o)
                              c:/program files/microchip/xc32/v1.30-tc9/bin/../lib/gcc/pic32mx/4.5.2/../../../../pic32mx/lib/./proc/32MX795F512L/crt0_mips32r2.o (_nmi_handler)
c:/program files/microchip/xc32/v1.30-tc9/bin/../lib/gcc/pic32mx/4.5.2/../../../../pic32mx/lib\libpic32.a(general-exception.o)
                              c:/program files/microchip/xc32/v1.30-tc9/bin/../lib/gcc/pic32mx/4.5.2/../../../../pic32mx/lib/./proc/32MX795F512L/crt0_mips32r2.o (_general_exception_context)
c:/program files/microchip/xc32/v1.30-tc9/bin/../lib/gcc/pic32mx/4.5.2/../../../../pic32mx/lib\libpic32.a(vector1.o)
                              c:/program files/microchip/xc32/v1.30-tc9/bin/../lib/gcc/pic32mx/4.5.2/../../../../pic32mx/lib/./proc/32MX795F512L\default_isr_vectors.o (__vector_dispatch_1)
[...]
Memory Configuration

Name             Origin             Length             Attributes
kseg0_program_mem 0x9d000000         0x00080000         xr
kseg0_boot_mem   0x9fc00490         0x00000970
exception_mem    0x9fc01000         0x00001000
kseg1_boot_mem   0xbfc00000         0x00000490
debug_exec_mem   0xbfc02000         0x00000ff0
config3          0xbfc02ff0         0x00000004
config2          0xbfc02ff4         0x00000004
config1          0xbfc02ff8         0x00000004
config0          0xbfc02ffc         0x00000004
kseg1_data_mem   0xa0000000         0x00020000         w !x
sfrs             0xbf800000         0x00100000
configsfrs       0xbfc02ff0         0x00000010
*default*        0x00000000         0xffffffff

Linker script and memory map

LOAD c:/program files/microchip/xc32/v1.30-tc9/bin/../lib/gcc/pic32mx/4.5.2/../../../../pic32mx/lib/./proc/32MX795F512L/crt0_mips32r2.o
LOAD build/pic32mx_eth_sk_int_dyn/production/_ext/1951764757/system_init.o
LOAD build/pic32mx_eth_sk_int_dyn/production/_ext/1951764757/system_init_private.o
LOAD build/pic32mx_eth_sk_int_dyn/production/_ext/1951764757/system_int.o
LOAD build/pic32mx_eth_sk_int_dyn/production/_ext/1951764757/system_tasks.o
LOAD build/pic32mx_eth_sk_int_dyn/production/_ext/1360937237/app.o
LOAD build/pic32mx_eth_sk_int_dyn/production/_ext/1951764757/bsp_sys_init.o
LOAD build/pic32mx_eth_sk_int_dyn/production/_ext/377798159/config_performance.o
LOAD build/pic32mx_eth_sk_int_dyn/production/_ext/1697634946/drv_ethmac.o
LOAD build/pic32mx_eth_sk_int_dyn/production/_ext/1697634946/drv_ethmac_lib.o
LOAD build/pic32mx_eth_sk_int_dyn/production/_ext/521481140/drv_ethphy.o
LOAD build/pic32mx_eth_sk_int_dyn/production/_ext/521481140/drv_extphy_dp83848.o
LOAD build/pic32mx_eth_sk_int_dyn/production/_ext/184581597/drv_nvm.o
LOAD build/pic32mx_eth_sk_int_dyn/production/_ext/184581597/drv_nvm_media.o
LOAD build/pic32mx_eth_sk_int_dyn/production/_ext/2138650627/db_appio.o
LOAD build/pic32mx_eth_sk_int_dyn/production/_ext/2138650627/usart.o
LOAD build/pic32mx_eth_sk_int_dyn/production/_ext/1104573755/plib_eth_legacy.o
LOAD build/pic32mx_eth_sk_int_dyn/production/_ext/198928529/plib_int_pic32.o
LOAD build/pic32mx_eth_sk_int_dyn/production/_ext/52938249/sys_clk_pic32.o
LOAD build/pic32mx_eth_sk_int_dyn/production/_ext/52938249/sys_clk.o
LOAD build/pic32mx_eth_sk_int_dyn/production/_ext/1750042194/sys_fs.o
LOAD build/pic32mx_eth_sk_int_dyn/production/_ext/1750042194/sys_fs_media_manager.o
LOAD build/pic32mx_eth_sk_int_dyn/production/_ext/614935175/mpfs.o
LOAD build/pic32mx_eth_sk_int_dyn/production/_ext/1964723635/ff.o
LOAD build/pic32mx_eth_sk_int_dyn/production/_ext/732200470/diskio.o
LOAD build/pic32mx_eth_sk_int_dyn/production/_ext/1042686532/sys_int_pic32.o
LOAD build/pic32mx_eth_sk_int_dyn/production/_ext/826631961/sys_ports.o
LOAD build/pic32mx_eth_sk_int_dyn/production/_ext/693918571/sys_queue.o
LOAD build/pic32mx_eth_sk_int_dyn/production/_ext/1886247299/big_int.o
LOAD build/pic32mx_eth_sk_int_dyn/production/_ext/1886247299/big_int_helper_c32.o
LOAD build/pic32mx_eth_sk_int_dyn/production/_ext/1886247299/hashes.o
LOAD build/pic32mx_eth_sk_int_dyn/production/_ext/1886247299/helpers.o
LOAD build/pic32mx_eth_sk_int_dyn/production/_ext/1886247299/lfsr.o
LOAD build/pic32mx_eth_sk_int_dyn/production/_ext/1886247299/sys_fs_wrapper.o
LOAD build/pic32mx_eth_sk_int_dyn/production/_ext/1360937237/assert_to_ide.o
LOAD build/pic32mx_eth_sk_int_dyn/production/_ext/1360937237/mpfs_img2.o
LOAD build/pic32mx_eth_sk_int_dyn/production/_ext/1360937237/custom_snmp_app.o
LOAD build/pic32mx_eth_sk_int_dyn/production/_ext/1360937237/custom_http_app.o
LOAD build/pic32mx_eth_sk_int_dyn/production/_ext/1164207549/arcfour.o
LOAD build/pic32mx_eth_sk_int_dyn/production/_ext/1164207549/arp.o
LOAD build/pic32mx_eth_sk_int_dyn/production/_ext/1164207549/berkeley_api.o
LOAD build/pic32mx_eth_sk_int_dyn/production/_ext/1164207549/dhcp.o
LOAD build/pic32mx_eth_sk_int_dyn/production/_ext/1164207549/dhcps.o
LOAD build/pic32mx_eth_sk_int_dyn/production/_ext/1164207549/dns.o
LOAD build/pic32mx_eth_sk_int_dyn/production/_ext/1164207549/dnss.o
LOAD build/pic32mx_eth_sk_int_dyn/production/_ext/1164207549/ftp.o
LOAD build/pic32mx_eth_sk_int_dyn/production/_ext/1164207549/hash_fnv.o
LOAD build/pic32mx_eth_sk_int_dyn/production/_ext/1164207549/http.o
LOAD build/pic32mx_eth_sk_int_dyn/production/_ext/1164207549/icmp.o
LOAD build/pic32mx_eth_sk_int_dyn/production/_ext/1164207549/icmpv6.o
LOAD build/pic32mx_eth_sk_int_dyn/production/_ext/1164207549/iperf.o
LOAD build/pic32mx_eth_sk_int_dyn/production/_ext/1164207549/ipv4.o
LOAD build/pic32mx_eth_sk_int_dyn/production/_ext/1164207549/ipv6.o
LOAD build/pic32mx_eth_sk_int_dyn/production/_ext/1164207549/nbns.o
LOAD build/pic32mx_eth_sk_int_dyn/production/_ext/1164207549/ndp.o
LOAD build/pic32mx_eth_sk_int_dyn/production/_ext/1164207549/oahash.o
LOAD build/pic32mx_eth_sk_int_dyn/production/_ext/1164207549/rsa.o
LOAD build/pic32mx_eth_sk_int_dyn/production/_ext/1164207549/smtp.o
LOAD build/pic32mx_eth_sk_int_dyn/production/_ext/1164207549/snmp.o
LOAD build/pic32mx_eth_sk_int_dyn/production/_ext/1164207549/snmpv3.o
LOAD build/pic32mx_eth_sk_int_dyn/production/_ext/1164207549/snmpv3_usm.o
LOAD build/pic32mx_eth_sk_int_dyn/production/_ext/1164207549/sntp.o
LOAD build/pic32mx_eth_sk_int_dyn/production/_ext/1164207549/ssl.o
LOAD build/pic32mx_eth_sk_int_dyn/production/_ext/1164207549/tcp.o
LOAD build/pic32mx_eth_sk_int_dyn/production/_ext/1164207549/tcpip_announce.o
LOAD build/pic32mx_eth_sk_int_dyn/production/_ext/1164207549/tcpip_commands.o
LOAD build/pic32mx_eth_sk_int_dyn/production/_ext/1164207549/tcpip_heap_alloc.o
LOAD build/pic32mx_eth_sk_int_dyn/production/_ext/1164207549/tcpip_helper_c32.o
LOAD build/pic32mx_eth_sk_int_dyn/production/_ext/1164207549/tcpip_helpers.o
LOAD build/pic32mx_eth_sk_int_dyn/production/_ext/1164207549/tcpip_mac_object.o
LOAD build/pic32mx_eth_sk_int_dyn/production/_ext/1164207549/tcpip_manager.o
LOAD build/pic32mx_eth_sk_int_dyn/production/_ext/1164207549/tcpip_notify.o
LOAD build/pic32mx_eth_sk_int_dyn/production/_ext/1164207549/tcpip_packet.o
LOAD build/pic32mx_eth_sk_int_dyn/production/_ext/1164207549/tcpip_reboot.o
LOAD build/pic32mx_eth_sk_int_dyn/production/_ext/1164207549/telnet.o
LOAD build/pic32mx_eth_sk_int_dyn/production/_ext/1164207549/udp.o
LOAD build/pic32mx_eth_sk_int_dyn/production/_ext/1164207549/zero_conf_helper.o
LOAD build/pic32mx_eth_sk_int_dyn/production/_ext/1164207549/zero_conf_link_local.o
LOAD build/pic32mx_eth_sk_int_dyn/production/_ext/1164207549/zero_conf_multicast_dns.o
LOAD build/pic32mx_eth_sk_int_dyn/production/_ext/1418760511/pic32mz_ports.o
LOAD build/pic32mx_eth_sk_int_dyn/production/_ext/1418760511/system_command.o
LOAD build/pic32mx_eth_sk_int_dyn/production/_ext/1418760511/system_debug.o
LOAD build/pic32mx_eth_sk_int_dyn/production/_ext/1418760511/system_random.o
LOAD build/pic32mx_eth_sk_int_dyn/production/_ext/1418760511/system_userio.o
LOAD build/pic32mx_eth_sk_int_dyn/production/_ext/1360937237/main.o
LOAD ..\..\..\..\..\framework\tcpip\src\crypto\aes_pic32mx.a
                0x00000001                __MPLAB_BUILD = 0x1
                0x0000afa0                _min_heap_size = 0xafa0
                0x00000800                _min_stack_size = 0x800
LOAD c:/program files/microchip/xc32/v1.30-tc9/bin/../lib/gcc/pic32mx/4.5.2/../../../../pic32mx/lib/./proc/32MX795F512L\default_isr_vectors.o
                0x00000400                PROVIDE (_min_stack_size, 0x400)
LOAD c:/program files/microchip/xc32/v1.30-tc9/bin/../lib/gcc/pic32mx/4.5.2/../../../../pic32mx/lib/./proc/32MX795F512L\processor.o
START GROUP
LOAD c:/program files/microchip/xc32/v1.30-tc9/bin/../lib/gcc/pic32mx/4.5.2/../../../../pic32mx/lib\libmchp_peripheral.a
END GROUP
START GROUP
LOAD c:/program files/microchip/xc32/v1.30-tc9/bin/../lib/gcc/pic32mx/4.5.2/../../../../pic32mx/lib\libmchp_peripheral_32MX795F512L.a
END GROUP
                0x00000001                PROVIDE (_vector_spacing, 0x1)
                0x9fc01000                _ebase_address = 0x9fc01000
                0xbfc00000                _RESET_ADDR = 0xbfc00000
                0xbfc00380                _BEV_EXCPT_ADDR = 0xbfc00380
                0xbfc00480                _DBG_EXCPT_ADDR = 0xbfc00480
                0xbfc02000                _DBG_CODE_ADDR = 0xbfc02000
                0x00000ff0                _DBG_CODE_SIZE = 0xff0
                0x9fc01180                _GEN_EXCPT_ADDR = (_ebase_address + 0x180)

.config_BFC02FF0
                0xbfc02ff0        0x4
 *(.config_BFC02FF0)
 .config_BFC02FF0
                0xbfc02ff0        0x4 build/pic32mx_eth_sk_int_dyn/production/_ext/1951764757/system_init.o

.config_BFC02FF4
                0xbfc02ff4        0x4
 *(.config_BFC02FF4)
 .config_BFC02FF4
                0xbfc02ff4        0x4 build/pic32mx_eth_sk_int_dyn/production/_ext/1951764757/system_init.o

.config_BFC02FF8
                0xbfc02ff8        0x4
 *(.config_BFC02FF8)
 .config_BFC02FF8
                0xbfc02ff8        0x4 build/pic32mx_eth_sk_int_dyn/production/_ext/1951764757/system_init.o

.config_BFC02FFC
                0xbfc02ffc        0x4
 *(.config_BFC02FFC)
 .config_BFC02FFC
                0xbfc02ffc        0x4 build/pic32mx_eth_sk_int_dyn/production/_ext/1951764757/system_init.o
                0xbfc02000                PROVIDE (_DBG_CODE_ADDR, 0xbfc02000)
                0x00000ff0                PROVIDE (_DBG_CODE_SIZE, 0xff0)

.reset          0xbfc00000      0x1c4
 *(.reset)
 .reset         0xbfc00000        0x0 c:/program files/microchip/xc32/v1.30-tc9/bin/../lib/gcc/pic32mx/4.5.2/../../../../pic32mx/lib/./proc/32MX795F512L/crt0_mips32r2.o
                0xbfc00000                _reset
 *(.reset.startup)
 .reset.startup
                0xbfc00000      0x1c4 c:/program files/microchip/xc32/v1.30-tc9/bin/../lib/gcc/pic32mx/4.5.2/../../../../pic32mx/lib/./proc/32MX795F512L/crt0_mips32r2.o

.bev_excpt      0xbfc00380       0x10
 *(.bev_handler)
 .bev_handler   0xbfc00380       0x10 c:/program files/microchip/xc32/v1.30-tc9/bin/../lib/gcc/pic32mx/4.5.2/../../../../pic32mx/lib/./proc/32MX795F512L/crt0_mips32r2.o

.dbg_excpt      0xbfc00480        0x0
                0xbfc00480                . = (. + DEFINED (_DEBUGGER)?0x8:0x0)

.dbg_code       0xbfc02000        0x0
                0xbfc02000                . = (. + DEFINED (_DEBUGGER)?_DBG_CODE_SIZE:0x0)

.app_excpt      0x9fc01180       0x10
 *(.gen_handler)
 .gen_handler   0x9fc01180       0x10 c:/program files/microchip/xc32/v1.30-tc9/bin/../lib/gcc/pic32mx/4.5.2/../../../../pic32mx/lib/./proc/32MX795F512L/crt0_mips32r2.o

.vector_0       0x9fc01200        0xc
 *(.vector_0)
 .vector_0      0x9fc01200        0xc build/pic32mx_eth_sk_int_dyn/production/_ext/1951764757/system_init_private.o
                0x9fc01200                __vector_dispatch_0
                0x00000001                ASSERT (((_vector_spacing == 0x0) || (SIZEOF (.vector_0) <= (_vector_spacing << 0x5))), function at exception vector 0 too large)

.vector_1       0x9fc01220        0x8
 *(.vector_1)
 .vector_1      0x9fc01220        0x8 c:/program files/microchip/xc32/v1.30-tc9/bin/../lib/gcc/pic32mx/4.5.2/../../../../pic32mx/lib\libpic32.a(vector1.o)
                0x9fc01220                __vector_dispatch_1
                0x00000001                ASSERT (((_vector_spacing == 0x0) || (SIZEOF (.vector_1) <= (_vector_spacing << 0x5))), function at exception vector 1 too large)

.vector_2       0x9fc01240        0x8
 *(.vector_2)
 .vector_2      0x9fc01240        0x8 c:/program files/microchip/xc32/v1.30-tc9/bin/../lib/gcc/pic32mx/4.5.2/../../../../pic32mx/lib\libpic32.a(vector2.o)
                0x9fc01240                __vector_dispatch_2
                0x00000001                ASSERT (((_vector_spacing == 0x0) || (SIZEOF (.vector_2) <= (_vector_spacing << 0x5))), function at exception vector 2 too large)

.vector_3       0x9fc01260        0x8
 *(.vector_3)
 .vector_3      0x9fc01260        0x8 c:/program files/microchip/xc32/v1.30-tc9/bin/../lib/gcc/pic32mx/4.5.2/../../../../pic32mx/lib\libpic32.a(vector3.o)
                0x9fc01260                __vector_dispatch_3
                0x00000001                ASSERT (((_vector_spacing == 0x0) || (SIZEOF (.vector_3) <= (_vector_spacing << 0x5))), function at exception vector 3 too large)

.vector_4       0x9fc01280        0x8
 *(.vector_4)
 .vector_4      0x9fc01280        0x8 c:/program files/microchip/xc32/v1.30-tc9/bin/../lib/gcc/pic32mx/4.5.2/../../../../pic32mx/lib\libpic32.a(vector4.o)
                0x9fc01280                __vector_dispatch_4
                0x00000001                ASSERT (((_vector_spacing == 0x0) || (SIZEOF (.vector_4) <= (_vector_spacing << 0x5))), function at exception vector 4 too large)

.vector_5       0x9fc012a0        0x8
 *(.vector_5)
 .vector_5      0x9fc012a0        0x8 c:/program files/microchip/xc32/v1.30-tc9/bin/../lib/gcc/pic32mx/4.5.2/../../../../pic32mx/lib\libpic32.a(vector5.o)
                0x9fc012a0                __vector_dispatch_5
                0x00000001                ASSERT (((_vector_spacing == 0x0) || (SIZEOF (.vector_5) <= (_vector_spacing << 0x5))), function at exception vector 5 too large)

.vector_6       0x9fc012c0        0x8
 *(.vector_6)
 .vector_6      0x9fc012c0        0x8 c:/program files/microchip/xc32/v1.30-tc9/bin/../lib/gcc/pic32mx/4.5.2/../../../../pic32mx/lib\libpic32.a(vector6.o)
                0x9fc012c0                __vector_dispatch_6
                0x00000001                ASSERT (((_vector_spacing == 0x0) || (SIZEOF (.vector_6) <= (_vector_spacing << 0x5))), function at exception vector 6 too large)

.vector_7       0x9fc012e0        0x8
 *(.vector_7)
 .vector_7      0x9fc012e0        0x8 c:/program files/microchip/xc32/v1.30-tc9/bin/../lib/gcc/pic32mx/4.5.2/../../../../pic32mx/lib\libpic32.a(vector7.o)
                0x9fc012e0                __vector_dispatch_7
                0x00000001                ASSERT (((_vector_spacing == 0x0) || (SIZEOF (.vector_7) <= (_vector_spacing << 0x5))), function at exception vector 7 too large)

.vector_8       0x9fc01300        0x8
 *(.vector_8)
 .vector_8      0x9fc01300        0x8 c:/program files/microchip/xc32/v1.30-tc9/bin/../lib/gcc/pic32mx/4.5.2/../../../../pic32mx/lib\libpic32.a(vector8.o)
                0x9fc01300                __vector_dispatch_8
                0x00000001                ASSERT (((_vector_spacing == 0x0) || (SIZEOF (.vector_8) <= (_vector_spacing << 0x5))), function at exception vector 8 too large)

.vector_9       0x9fc01320        0x8
 *(.vector_9)
 .vector_9      0x9fc01320        0x8 c:/program files/microchip/xc32/v1.30-tc9/bin/../lib/gcc/pic32mx/4.5.2/../../../../pic32mx/lib\libpic32.a(vector9.o)
                0x9fc01320                __vector_dispatch_9
                0x00000001                ASSERT (((_vector_spacing == 0x0) || (SIZEOF (.vector_9) <= (_vector_spacing << 0x5))), function at exception vector 9 too large)

.vector_10      0x9fc01340        0x8
 *(.vector_10)
 .vector_10     0x9fc01340        0x8 c:/program files/microchip/xc32/v1.30-tc9/bin/../lib/gcc/pic32mx/4.5.2/../../../../pic32mx/lib\libpic32.a(vector10.o)
                0x9fc01340                __vector_dispatch_10
                0x00000001                ASSERT (((_vector_spacing == 0x0) || (SIZEOF (.vector_10) <= (_vector_spacing << 0x5))), function at exception vector 10 too large)

.vector_11      0x9fc01360        0x8
 *(.vector_11)
 .vector_11     0x9fc01360        0x8 c:/program files/microchip/xc32/v1.30-tc9/bin/../lib/gcc/pic32mx/4.5.2/../../../../pic32mx/lib\libpic32.a(vector11.o)
                0x9fc01360                __vector_dispatch_11
                0x00000001                ASSERT (((_vector_spacing == 0x0) || (SIZEOF (.vector_11) <= (_vector_spacing << 0x5))), function at exception vector 11 too large)

.vector_12      0x9fc01380        0x8
 *(.vector_12)
 .vector_12     0x9fc01380        0x8 c:/program files/microchip/xc32/v1.30-tc9/bin/../lib/gcc/pic32mx/4.5.2/../../../../pic32mx/lib\libpic32.a(vector12.o)
                0x9fc01380                __vector_dispatch_12
                0x00000001                ASSERT (((_vector_spacing == 0x0) || (SIZEOF (.vector_12) <= (_vector_spacing << 0x5))), function at exception vector 12 too large)

.vector_13      0x9fc013a0        0x8
 *(.vector_13)
 .vector_13     0x9fc013a0        0x8 c:/program files/microchip/xc32/v1.30-tc9/bin/../lib/gcc/pic32mx/4.5.2/../../../../pic32mx/lib\libpic32.a(vector13.o)
                0x9fc013a0                __vector_dispatch_13
                0x00000001                ASSERT (((_vector_spacing == 0x0) || (SIZEOF (.vector_13) <= (_vector_spacing << 0x5))), function at exception vector 13 too large)

.vector_14      0x9fc013c0        0x8
 *(.vector_14)
 .vector_14     0x9fc013c0        0x8 c:/program files/microchip/xc32/v1.30-tc9/bin/../lib/gcc/pic32mx/4.5.2/../../../../pic32mx/lib\libpic32.a(vector14.o)
                0x9fc013c0                __vector_dispatch_14
                0x00000001                ASSERT (((_vector_spacing == 0x0) || (SIZEOF (.vector_14) <= (_vector_spacing << 0x5))), function at exception vector 14 too large)

.vector_15      0x9fc013e0        0x8
 *(.vector_15)
 .vector_15     0x9fc013e0        0x8 c:/program files/microchip/xc32/v1.30-tc9/bin/../lib/gcc/pic32mx/4.5.2/../../../../pic32mx/lib\libpic32.a(vector15.o)
                0x9fc013e0                __vector_dispatch_15
                0x00000001                ASSERT (((_vector_spacing == 0x0) || (SIZEOF (.vector_15) <= (_vector_spacing << 0x5))), function at exception vector 15 too large)

.vector_16      0x9fc01400        0x8
 *(.vector_16)
 .vector_16     0x9fc01400        0x8 c:/program files/microchip/xc32/v1.30-tc9/bin/../lib/gcc/pic32mx/4.5.2/../../../../pic32mx/lib\libpic32.a(vector16.o)
                0x9fc01400                __vector_dispatch_16
                0x00000001                ASSERT (((_vector_spacing == 0x0) || (SIZEOF (.vector_16) <= (_vector_spacing << 0x5))), function at exception vector 16 too large)

.vector_17      0x9fc01420        0x8
 *(.vector_17)
 .vector_17     0x9fc01420        0x8 c:/program files/microchip/xc32/v1.30-tc9/bin/../lib/gcc/pic32mx/4.5.2/../../../../pic32mx/lib\libpic32.a(vector17.o)
                0x9fc01420                __vector_dispatch_17
                0x00000001                ASSERT (((_vector_spacing == 0x0) || (SIZEOF (.vector_17) <= (_vector_spacing << 0x5))), function at exception vector 17 too large)

.vector_18      0x9fc01440        0x8
 *(.vector_18)
 .vector_18     0x9fc01440        0x8 c:/program files/microchip/xc32/v1.30-tc9/bin/../lib/gcc/pic32mx/4.5.2/../../../../pic32mx/lib\libpic32.a(vector18.o)
                0x9fc01440                __vector_dispatch_18
                0x00000001                ASSERT (((_vector_spacing == 0x0) || (SIZEOF (.vector_18) <= (_vector_spacing << 0x5))), function at exception vector 18 too large)

.vector_19      0x9fc01460        0x8
 *(.vector_19)
 .vector_19     0x9fc01460        0x8 c:/program files/microchip/xc32/v1.30-tc9/bin/../lib/gcc/pic32mx/4.5.2/../../../../pic32mx/lib\libpic32.a(vector19.o)
                0x9fc01460                __vector_dispatch_19
                0x00000001                ASSERT (((_vector_spacing == 0x0) || (SIZEOF (.vector_19) <= (_vector_spacing << 0x5))), function at exception vector 19 too large)

.vector_20      0x9fc01480        0x8
 *(.vector_20)
 .vector_20     0x9fc01480        0x8 c:/program files/microchip/xc32/v1.30-tc9/bin/../lib/gcc/pic32mx/4.5.2/../../../../pic32mx/lib\libpic32.a(vector20.o)
                0x9fc01480                __vector_dispatch_20
                0x00000001                ASSERT (((_vector_spacing == 0x0) || (SIZEOF (.vector_20) <= (_vector_spacing << 0x5))), function at exception vector 20 too large)

.vector_21      0x9fc014a0        0x8
 *(.vector_21)
 .vector_21     0x9fc014a0        0x8 c:/program files/microchip/xc32/v1.30-tc9/bin/../lib/gcc/pic32mx/4.5.2/../../../../pic32mx/lib\libpic32.a(vector21.o)
                0x9fc014a0                __vector_dispatch_21
                0x00000001                ASSERT (((_vector_spacing == 0x0) || (SIZEOF (.vector_21) <= (_vector_spacing << 0x5))), function at exception vector 21 too large)

.vector_22      0x9fc014c0        0x8
 *(.vector_22)
 .vector_22     0x9fc014c0        0x8 c:/program files/microchip/xc32/v1.30-tc9/bin/../lib/gcc/pic32mx/4.5.2/../../../../pic32mx/lib\libpic32.a(vector22.o)
                0x9fc014c0                __vector_dispatch_22
                0x00000001                ASSERT (((_vector_spacing == 0x0) || (SIZEOF (.vector_22) <= (_vector_spacing << 0x5))), function at exception vector 22 too large)

.vector_23      0x9fc014e0        0x8
 *(.vector_23)
 .vector_23     0x9fc014e0        0x8 c:/program files/microchip/xc32/v1.30-tc9/bin/../lib/gcc/pic32mx/4.5.2/../../../../pic32mx/lib\libpic32.a(vector23.o)
                0x9fc014e0                __vector_dispatch_23
                0x00000001                ASSERT (((_vector_spacing == 0x0) || (SIZEOF (.vector_23) <= (_vector_spacing << 0x5))), function at exception vector 23 too large)

.vector_24      0x9fc01500        0x8
 *(.vector_24)
 .vector_24     0x9fc01500        0x8 c:/program files/microchip/xc32/v1.30-tc9/bin/../lib/gcc/pic32mx/4.5.2/../../../../pic32mx/lib\libpic32.a(vector24.o)
                0x9fc01500                __vector_dispatch_24
                0x00000001                ASSERT (((_vector_spacing == 0x0) || (SIZEOF (.vector_24) <= (_vector_spacing << 0x5))), function at exception vector 24 too large)

.vector_25      0x9fc01520        0x8
 *(.vector_25)
 .vector_25     0x9fc01520        0x8 c:/program files/microchip/xc32/v1.30-tc9/bin/../lib/gcc/pic32mx/4.5.2/../../../../pic32mx/lib\libpic32.a(vector25.o)
                0x9fc01520                __vector_dispatch_25
                0x00000001                ASSERT (((_vector_spacing == 0x0) || (SIZEOF (.vector_25) <= (_vector_spacing << 0x5))), function at exception vector 25 too large)

.vector_26      0x9fc01540        0x8
 *(.vector_26)
 .vector_26     0x9fc01540        0x8 c:/program files/microchip/xc32/v1.30-tc9/bin/../lib/gcc/pic32mx/4.5.2/../../../../pic32mx/lib\libpic32.a(vector26.o)
                0x9fc01540                __vector_dispatch_26
                0x00000001                ASSERT (((_vector_spacing == 0x0) || (SIZEOF (.vector_26) <= (_vector_spacing << 0x5))), function at exception vector 26 too large)

.vector_27      0x9fc01560        0x8
 *(.vector_27)
 .vector_27     0x9fc01560        0x8 c:/program files/microchip/xc32/v1.30-tc9/bin/../lib/gcc/pic32mx/4.5.2/../../../../pic32mx/lib\libpic32.a(vector27.o)
                0x9fc01560                __vector_dispatch_27
                0x00000001                ASSERT (((_vector_spacing == 0x0) || (SIZEOF (.vector_27) <= (_vector_spacing << 0x5))), function at exception vector 27 too large)

.vector_28      0x9fc01580        0x8
 *(.vector_28)
 .vector_28     0x9fc01580        0x8 c:/program files/microchip/xc32/v1.30-tc9/bin/../lib/gcc/pic32mx/4.5.2/../../../../pic32mx/lib\libpic32.a(vector28.o)
                0x9fc01580                __vector_dispatch_28
                0x00000001                ASSERT (((_vector_spacing == 0x0) || (SIZEOF (.vector_28) <= (_vector_spacing << 0x5))), function at exception vector 28 too large)

.vector_29      0x9fc015a0        0x8
 *(.vector_29)
 .vector_29     0x9fc015a0        0x8 c:/program files/microchip/xc32/v1.30-tc9/bin/../lib/gcc/pic32mx/4.5.2/../../../../pic32mx/lib\libpic32.a(vector29.o)
                0x9fc015a0                __vector_dispatch_29
                0x00000001                ASSERT (((_vector_spacing == 0x0) || (SIZEOF (.vector_29) <= (_vector_spacing << 0x5))), function at exception vector 29 too large)

.vector_30      0x9fc015c0        0x8
 *(.vector_30)
 .vector_30     0x9fc015c0        0x8 c:/program files/microchip/xc32/v1.30-tc9/bin/../lib/gcc/pic32mx/4.5.2/../../../../pic32mx/lib\libpic32.a(vector30.o)
                0x9fc015c0                __vector_dispatch_30
                0x00000001                ASSERT (((_vector_spacing == 0x0) || (SIZEOF (.vector_30) <= (_vector_spacing << 0x5))), function at exception vector 30 too large)

.vector_31      0x9fc015e0        0x8
 *(.vector_31)
 .vector_31     0x9fc015e0        0x8 c:/program files/microchip/xc32/v1.30-tc9/bin/../lib/gcc/pic32mx/4.5.2/../../../../pic32mx/lib\libpic32.a(vector31.o)
                0x9fc015e0                __vector_dispatch_31
                0x00000001                ASSERT (((_vector_spacing == 0x0) || (SIZEOF (.vector_31) <= (_vector_spacing << 0x5))), function at exception vector 31 too large)

.vector_32      0x9fc01600        0x8
 *(.vector_32)
 .vector_32     0x9fc01600        0x8 c:/program files/microchip/xc32/v1.30-tc9/bin/../lib/gcc/pic32mx/4.5.2/../../../../pic32mx/lib\libpic32.a(vector32.o)
                0x9fc01600                __vector_dispatch_32
                0x00000001                ASSERT (((_vector_spacing == 0x0) || (SIZEOF (.vector_32) <= (_vector_spacing << 0x5))), function at exception vector 32 too large)

.vector_33      0x9fc01620        0x8
 *(.vector_33)
 .vector_33     0x9fc01620        0x8 c:/program files/microchip/xc32/v1.30-tc9/bin/../lib/gcc/pic32mx/4.5.2/../../../../pic32mx/lib\libpic32.a(vector33.o)
                0x9fc01620                __vector_dispatch_33
                0x00000001                ASSERT (((_vector_spacing == 0x0) || (SIZEOF (.vector_33) <= (_vector_spacing << 0x5))), function at exception vector 33 too large)

.vector_34      0x9fc01640        0x8
 *(.vector_34)
 .vector_34     0x9fc01640        0x8 c:/program files/microchip/xc32/v1.30-tc9/bin/../lib/gcc/pic32mx/4.5.2/../../../../pic32mx/lib\libpic32.a(vector34.o)
                0x9fc01640                __vector_dispatch_34
                0x00000001                ASSERT (((_vector_spacing == 0x0) || (SIZEOF (.vector_34) <= (_vector_spacing << 0x5))), function at exception vector 34 too large)

.vector_35      0x9fc01660        0x8
 *(.vector_35)
 .vector_35     0x9fc01660        0x8 c:/program files/microchip/xc32/v1.30-tc9/bin/../lib/gcc/pic32mx/4.5.2/../../../../pic32mx/lib\libpic32.a(vector35.o)
                0x9fc01660                __vector_dispatch_35
                0x00000001                ASSERT (((_vector_spacing == 0x0) || (SIZEOF (.vector_35) <= (_vector_spacing << 0x5))), function at exception vector 35 too large)

.vector_36      0x9fc01680        0x8
 *(.vector_36)
 .vector_36     0x9fc01680        0x8 c:/program files/microchip/xc32/v1.30-tc9/bin/../lib/gcc/pic32mx/4.5.2/../../../../pic32mx/lib\libpic32.a(vector36.o)
                0x9fc01680                __vector_dispatch_36
                0x00000001                ASSERT (((_vector_spacing == 0x0) || (SIZEOF (.vector_36) <= (_vector_spacing << 0x5))), function at exception vector 36 too large)

.vector_37      0x9fc016a0        0x8
 *(.vector_37)
 .vector_37     0x9fc016a0        0x8 c:/program files/microchip/xc32/v1.30-tc9/bin/../lib/gcc/pic32mx/4.5.2/../../../../pic32mx/lib\libpic32.a(vector37.o)
                0x9fc016a0                __vector_dispatch_37
                0x00000001                ASSERT (((_vector_spacing == 0x0) || (SIZEOF (.vector_37) <= (_vector_spacing << 0x5))), function at exception vector 37 too large)

.vector_38      0x9fc016c0        0x8
 *(.vector_38)
 .vector_38     0x9fc016c0        0x8 c:/program files/microchip/xc32/v1.30-tc9/bin/../lib/gcc/pic32mx/4.5.2/../../../../pic32mx/lib\libpic32.a(vector38.o)
                0x9fc016c0                __vector_dispatch_38
                0x00000001                ASSERT (((_vector_spacing == 0x0) || (SIZEOF (.vector_38) <= (_vector_spacing << 0x5))), function at exception vector 38 too large)

.vector_39      0x9fc016e0        0x8
 *(.vector_39)
 .vector_39     0x9fc016e0        0x8 c:/program files/microchip/xc32/v1.30-tc9/bin/../lib/gcc/pic32mx/4.5.2/../../../../pic32mx/lib\libpic32.a(vector39.o)
                0x9fc016e0                __vector_dispatch_39
                0x00000001                ASSERT (((_vector_spacing == 0x0) || (SIZEOF (.vector_39) <= (_vector_spacing << 0x5))), function at exception vector 39 too large)

.vector_40      0x9fc01700        0x8
 *(.vector_40)
 .vector_40     0x9fc01700        0x8 c:/program files/microchip/xc32/v1.30-tc9/bin/../lib/gcc/pic32mx/4.5.2/../../../../pic32mx/lib\libpic32.a(vector40.o)
                0x9fc01700                __vector_dispatch_40
                0x00000001                ASSERT (((_vector_spacing == 0x0) || (SIZEOF (.vector_40) <= (_vector_spacing << 0x5))), function at exception vector 40 too large)

.vector_41      0x9fc01720        0x8
 *(.vector_41)
 .vector_41     0x9fc01720        0x8 c:/program files/microchip/xc32/v1.30-tc9/bin/../lib/gcc/pic32mx/4.5.2/../../../../pic32mx/lib\libpic32.a(vector41.o)
                0x9fc01720                __vector_dispatch_41
                0x00000001                ASSERT (((_vector_spacing == 0x0) || (SIZEOF (.vector_41) <= (_vector_spacing << 0x5))), function at exception vector 41 too large)

.vector_42      0x9fc01740        0x8
 *(.vector_42)
 .vector_42     0x9fc01740        0x8 c:/program files/microchip/xc32/v1.30-tc9/bin/../lib/gcc/pic32mx/4.5.2/../../../../pic32mx/lib\libpic32.a(vector42.o)
                0x9fc01740                __vector_dispatch_42
                0x00000001                ASSERT (((_vector_spacing == 0x0) || (SIZEOF (.vector_42) <= (_vector_spacing << 0x5))), function at exception vector 42 too large)

.vector_43      0x9fc01760        0x8
 *(.vector_43)
 .vector_43     0x9fc01760        0x8 c:/program files/microchip/xc32/v1.30-tc9/bin/../lib/gcc/pic32mx/4.5.2/../../../../pic32mx/lib\libpic32.a(vector43.o)
                0x9fc01760                __vector_dispatch_43
                0x00000001                ASSERT (((_vector_spacing == 0x0) || (SIZEOF (.vector_43) <= (_vector_spacing << 0x5))), function at exception vector 43 too large)

.vector_44      0x9fc01780        0x8
 *(.vector_44)
 .vector_44     0x9fc01780        0x8 c:/program files/microchip/xc32/v1.30-tc9/bin/../lib/gcc/pic32mx/4.5.2/../../../../pic32mx/lib\libpic32.a(vector44.o)
                0x9fc01780                __vector_dispatch_44
                0x00000001                ASSERT (((_vector_spacing == 0x0) || (SIZEOF (.vector_44) <= (_vector_spacing << 0x5))), function at exception vector 44 too large)

.vector_45      0x9fc017a0        0x8
 *(.vector_45)
 .vector_45     0x9fc017a0        0x8 c:/program files/microchip/xc32/v1.30-tc9/bin/../lib/gcc/pic32mx/4.5.2/../../../../pic32mx/lib\libpic32.a(vector45.o)
                0x9fc017a0                __vector_dispatch_45
                0x00000001                ASSERT (((_vector_spacing == 0x0) || (SIZEOF (.vector_45) <= (_vector_spacing << 0x5))), function at exception vector 45 too large)

.vector_46      0x9fc017c0        0x8
 *(.vector_46)
 .vector_46     0x9fc017c0        0x8 c:/program files/microchip/xc32/v1.30-tc9/bin/../lib/gcc/pic32mx/4.5.2/../../../../pic32mx/lib\libpic32.a(vector46.o)
                0x9fc017c0                __vector_dispatch_46
                0x00000001                ASSERT (((_vector_spacing == 0x0) || (SIZEOF (.vector_46) <= (_vector_spacing << 0x5))), function at exception vector 46 too large)

.vector_47      0x9fc017e0        0x8
 *(.vector_47)
 .vector_47     0x9fc017e0        0x8 c:/program files/microchip/xc32/v1.30-tc9/bin/../lib/gcc/pic32mx/4.5.2/../../../../pic32mx/lib\libpic32.a(vector47.o)
                0x9fc017e0                __vector_dispatch_47
                0x00000001                ASSERT (((_vector_spacing == 0x0) || (SIZEOF (.vector_47) <= (_vector_spacing << 0x5))), function at exception vector 47 too large)

.vector_48      0x9fc01800        0x8
 *(.vector_48)
 .vector_48     0x9fc01800        0x8 c:/program files/microchip/xc32/v1.30-tc9/bin/../lib/gcc/pic32mx/4.5.2/../../../../pic32mx/lib\libpic32.a(vector48.o)
                0x9fc01800                __vector_dispatch_48
                0x00000001                ASSERT (((_vector_spacing == 0x0) || (SIZEOF (.vector_48) <= (_vector_spacing << 0x5))), function at exception vector 48 too large)

.vector_49      0x9fc01820        0x8
 *(.vector_49)
 .vector_49     0x9fc01820        0x8 c:/program files/microchip/xc32/v1.30-tc9/bin/../lib/gcc/pic32mx/4.5.2/../../../../pic32mx/lib\libpic32.a(vector49.o)
                0x9fc01820                __vector_dispatch_49
                0x00000001                ASSERT (((_vector_spacing == 0x0) || (SIZEOF (.vector_49) <= (_vector_spacing << 0x5))), function at exception vector 49 too large)

.vector_50      0x9fc01840        0x8
 *(.vector_50)
 .vector_50     0x9fc01840        0x8 c:/program files/microchip/xc32/v1.30-tc9/bin/../lib/gcc/pic32mx/4.5.2/../../../../pic32mx/lib\libpic32.a(vector50.o)
                0x9fc01840                __vector_dispatch_50
                0x00000001                ASSERT (((_vector_spacing == 0x0) || (SIZEOF (.vector_50) <= (_vector_spacing << 0x5))), function at exception vector 50 too large)

.vector_51      0x9fc01860        0x8
 *(.vector_51)
 .vector_51     0x9fc01860        0x8 c:/program files/microchip/xc32/v1.30-tc9/bin/../lib/gcc/pic32mx/4.5.2/../../../../pic32mx/lib\libpic32.a(vector51.o)
                0x9fc01860                __vector_dispatch_51
                0x00000001                ASSERT (((_vector_spacing == 0x0) || (SIZEOF (.vector_51) <= (_vector_spacing << 0x5))), function at exception vector 51 too large)

.vector_52      0x9fc01880        0x8
 *(.vector_52)
 .vector_52     0x9fc01880        0x8 c:/program files/microchip/xc32/v1.30-tc9/bin/../lib/gcc/pic32mx/4.5.2/../../../../pic32mx/lib\libpic32.a(vector52.o)
                0x9fc01880                __vector_dispatch_52
                0x00000001                ASSERT (((_vector_spacing == 0x0) || (SIZEOF (.vector_52) <= (_vector_spacing << 0x5))), function at exception vector 52 too large)

.vector_53      0x9fc018a0        0x8
 *(.vector_53)
 .vector_53     0x9fc018a0        0x8 c:/program files/microchip/xc32/v1.30-tc9/bin/../lib/gcc/pic32mx/4.5.2/../../../../pic32mx/lib\libpic32.a(vector53.o)
                0x9fc018a0                __vector_dispatch_53
                0x00000001                ASSERT (((_vector_spacing == 0x0) || (SIZEOF (.vector_53) <= (_vector_spacing << 0x5))), function at exception vector 53 too large)

.vector_54      0x9fc018c0        0x8
 *(.vector_54)
 .vector_54     0x9fc018c0        0x8 c:/program files/microchip/xc32/v1.30-tc9/bin/../lib/gcc/pic32mx/4.5.2/../../../../pic32mx/lib\libpic32.a(vector54.o)
                0x9fc018c0                __vector_dispatch_54
                0x00000001                ASSERT (((_vector_spacing == 0x0) || (SIZEOF (.vector_54) <= (_vector_spacing << 0x5))), function at exception vector 54 too large)

.vector_55      0x9fc018e0        0x8
 *(.vector_55)
 .vector_55     0x9fc018e0        0x8 c:/program files/microchip/xc32/v1.30-tc9/bin/../lib/gcc/pic32mx/4.5.2/../../../../pic32mx/lib\libpic32.a(vector55.o)
                0x9fc018e0                __vector_dispatch_55
                0x00000001                ASSERT (((_vector_spacing == 0x0) || (SIZEOF (.vector_55) <= (_vector_spacing << 0x5))), function at exception vector 55 too large)

.vector_56      0x9fc01900        0x8
 *(.vector_56)
 .vector_56     0x9fc01900        0x8 c:/program files/microchip/xc32/v1.30-tc9/bin/../lib/gcc/pic32mx/4.5.2/../../../../pic32mx/lib\libpic32.a(vector56.o)
                0x9fc01900                __vector_dispatch_56
                0x00000001                ASSERT (((_vector_spacing == 0x0) || (SIZEOF (.vector_56) <= (_vector_spacing << 0x5))), function at exception vector 56 too large)

.vector_57      0x9fc01920        0x8
 *(.vector_57)
 .vector_57     0x9fc01920        0x8 c:/program files/microchip/xc32/v1.30-tc9/bin/../lib/gcc/pic32mx/4.5.2/../../../../pic32mx/lib\libpic32.a(vector57.o)
                0x9fc01920                __vector_dispatch_57
                0x00000001                ASSERT (((_vector_spacing == 0x0) || (SIZEOF (.vector_57) <= (_vector_spacing << 0x5))), function at exception vector 57 too large)

.vector_58      0x9fc01940        0x8
 *(.vector_58)
 .vector_58     0x9fc01940        0x8 c:/program files/microchip/xc32/v1.30-tc9/bin/../lib/gcc/pic32mx/4.5.2/../../../../pic32mx/lib\libpic32.a(vector58.o)
                0x9fc01940                __vector_dispatch_58
                0x00000001                ASSERT (((_vector_spacing == 0x0) || (SIZEOF (.vector_58) <= (_vector_spacing << 0x5))), function at exception vector 58 too large)

.vector_59      0x9fc01960        0x8
 *(.vector_59)
 .vector_59     0x9fc01960        0x8 c:/program files/microchip/xc32/v1.30-tc9/bin/../lib/gcc/pic32mx/4.5.2/../../../../pic32mx/lib\libpic32.a(vector59.o)
                0x9fc01960                __vector_dispatch_59
                0x00000001                ASSERT (((_vector_spacing == 0x0) || (SIZEOF (.vector_59) <= (_vector_spacing << 0x5))), function at exception vector 59 too large)

.vector_60      0x9fc01980        0x8
 *(.vector_60)
 .vector_60     0x9fc01980        0x8 c:/program files/microchip/xc32/v1.30-tc9/bin/../lib/gcc/pic32mx/4.5.2/../../../../pic32mx/lib\libpic32.a(vector60.o)
                0x9fc01980                __vector_dispatch_60
                0x00000001                ASSERT (((_vector_spacing == 0x0) || (SIZEOF (.vector_60) <= (_vector_spacing << 0x5))), function at exception vector 60 too large)

.vector_61      0x9fc019a0        0x8
 *(.vector_61)
 .vector_61     0x9fc019a0        0x8 c:/program files/microchip/xc32/v1.30-tc9/bin/../lib/gcc/pic32mx/4.5.2/../../../../pic32mx/lib\libpic32.a(vector61.o)
                0x9fc019a0                __vector_dispatch_61
                0x00000001                ASSERT (((_vector_spacing == 0x0) || (SIZEOF (.vector_61) <= (_vector_spacing << 0x5))), function at exception vector 61 too large)

.vector_62      0x9fc019c0        0x8
 *(.vector_62)
 .vector_62     0x9fc019c0        0x8 c:/program files/microchip/xc32/v1.30-tc9/bin/../lib/gcc/pic32mx/4.5.2/../../../../pic32mx/lib\libpic32.a(vector62.o)
                0x9fc019c0                __vector_dispatch_62
                0x00000001                ASSERT (((_vector_spacing == 0x0) || (SIZEOF (.vector_62) <= (_vector_spacing << 0x5))), function at exception vector 62 too large)

.vector_63      0x9fc019e0        0x8
 *(.vector_63)
 .vector_63     0x9fc019e0        0x8 c:/program files/microchip/xc32/v1.30-tc9/bin/../lib/gcc/pic32mx/4.5.2/../../../../pic32mx/lib\libpic32.a(vector63.o)
                0x9fc019e0                __vector_dispatch_63
                0x00000001                ASSERT (((_vector_spacing == 0x0) || (SIZEOF (.vector_63) <= (_vector_spacing << 0x5))), function at exception vector 63 too large)

.startup
 *(.startup)

.text           0x9d000000        0x0
 *(.stub .gnu.linkonce.t.*)
 *(.text.*personality*)
 *(.mips16.fn.*)
 *(.mips16.call.*)
 *(.gnu.warning)
                0x9d000000                . = ALIGN (0x4)

.init           0x9d000000        0x0
 *crti.o(.init)
 *crtbegin.o(.init)
 *(EXCLUDE_FILE(*crtn.o *crtend?.o *crtend.o) .init)
 *crtend.o(.init)
 *crtn.o(.init)
                0x9d000000                . = ALIGN (0x4)

.fini           0x9d000000        0x0
 *(.fini)
                0x9d000000                . = ALIGN (0x4)

.preinit_array  0x9d000000        0x0
                0x9d000000                PROVIDE (__preinit_array_start, .)
 *(.preinit_array)
                0x9d000000                PROVIDE (__preinit_array_end, .)
                0x9d000000                . = ALIGN (0x4)

.init_array     0x9d000000        0x0
                0x9d000000                PROVIDE (__init_array_start, .)
 *(SORT(.init_array.*))
 *(.init_array)
                0x9d000000                PROVIDE (__init_array_end, .)
                0x9d000000                . = ALIGN (0x4)

.fini_array     0x9d000000        0x0
                0x9d000000                PROVIDE (__fini_array_start, .)
 *(SORT(.fini_array.*))
 *(.fini_array)
                0x9d000000                PROVIDE (__fini_array_end, .)
                0x9d000000                . = ALIGN (0x4)

.ctors          0x9d000000        0x0
 *crtbegin.o(.ctors)
 *crtbegin?.o(.ctors)
 *(EXCLUDE_FILE(*crtend?.o *crtend.o) .ctors)
 *(SORT(.ctors.*))
 *(.ctors)
                0x9d000000                . = ALIGN (0x4)

.dtors          0x9d000000        0x0
 *crtbegin.o(.dtors)
 *crtbegin?.o(.dtors)
 *(EXCLUDE_FILE(*crtend?.o *crtend.o) .dtors)
 *(SORT(.dtors.*))
 *(.dtors)
                0x9d000000                . = ALIGN (0x4)

.rodata         0x9d000000        0x0
 *(.gnu.linkonce.r.*)
 *(.rodata1)
                0x9d000000                . = ALIGN (0x4)

.sdata2         0x9fc00490        0x0
 *(.sdata2 .sdata2.* .gnu.linkonce.s2.*)
                0x9fc00490                . = ALIGN (0x4)

.sbss2          0x9fc00490        0x0
 *(.sbss2 .sbss2.* .gnu.linkonce.sb2.*)
                0x9fc00490                . = ALIGN (0x4)

.eh_frame_hdr
 *(.eh_frame_hdr)
                0x9fc00490                . = ALIGN (0x4)

.eh_frame
 *(.eh_frame)
                0x9fc00490                . = ALIGN (0x4)

.gcc_except_table
 *(.gcc_except_table .gcc_except_table.*)
                0x9fc00490                . = ALIGN (0x4)

.dbg_data       0xa0000000        0x0
                0xa0000000                . = (. + DEFINED (_DEBUGGER)?0x200:0x0)

.jcr            0xa0000000        0x0
 *(.jcr)
                0xa0000000                . = ALIGN (0x4)

.eh_frame       0xa0000000       0x30
 *(.eh_frame)
 .eh_frame      0xa0000000       0x20 c:/program files/microchip/xc32/v1.30-tc9/bin/../lib/gcc/pic32mx/4.5.2\libgcc.a(_udivdi3.o)
 .eh_frame      0xa0000020       0x10 c:/program files/microchip/xc32/v1.30-tc9/bin/../lib/gcc/pic32mx/4.5.2\libgcc.a(_umoddi3.o)
                0xa0000030                . = ALIGN (0x4)

.gcc_except_table
 *(.gcc_except_table .gcc_except_table.*)
                0xa0000030                . = ALIGN (0x4)

.persist        0xa0000030        0x0
                0xa0000030                _persist_begin = .
 *(.persist .persist.*)
 *(.pbss .pbss.*)
                0xa0000030                . = ALIGN (0x4)
                0xa0000030                _persist_end = .

.data           0xa0000030        0x0
 *(.gnu.linkonce.d.*)
 *(.data1)
                0xa0000030                . = ALIGN (0x4)
                0xa0000030                . = .
                0xa0008020                _gp = (ALIGN (0x10) + 0x7ff0)

.got            0xa0000030        0x0
 *(.got.plt)
 *(.got)
                0xa0000030                . = ALIGN (0x4)

.sdata          0xa0000030       0x50
                0xa0000030                _sdata_begin = .
 *(.sdata .sdata.* .gnu.linkonce.s.*)
 .sdata         0xa0000030        0x4 build/pic32mx_eth_sk_int_dyn/production/_ext/1951764757/system_init_private.o
 .sdata         0xa0000034        0x8 build/pic32mx_eth_sk_int_dyn/production/_ext/1360937237/app.o
 .sdata         0xa000003c       0x1c build/pic32mx_eth_sk_int_dyn/production/_ext/52938249/sys_clk_pic32.o
                0xa000003c                sysPllMultiplierLookup
                0xa0000044                sysPllDivisorLookup
                0xa000004c                peripheralDivisorLookup
                0xa0000050                FRCDivisorLookup
 .sdata         0xa0000058        0x4 build/pic32mx_eth_sk_int_dyn/production/_ext/1886247299/lfsr.o
 .sdata         0xa000005c        0x8 build/pic32mx_eth_sk_int_dyn/production/_ext/1360937237/custom_snmp_app.o
 .sdata         0xa0000064        0x8 build/pic32mx_eth_sk_int_dyn/production/_ext/1164207549/arp.o
 .sdata         0xa000006c        0x2 build/pic32mx_eth_sk_int_dyn/production/_ext/1164207549/dns.o
 .sdata         0xa000006e        0x2 build/pic32mx_eth_sk_int_dyn/production/_ext/1164207549/smtp.o
 .sdata         0xa0000070        0x8 build/pic32mx_eth_sk_int_dyn/production/_ext/1164207549/sntp.o
 .sdata         0xa0000078        0x4 build/pic32mx_eth_sk_int_dyn/production/_ext/1164207549/tcpip_heap_alloc.o
 .sdata         0xa000007c        0x4 c:/program files/microchip/xc32/v1.30-tc9/bin/../lib/gcc/pic32mx/4.5.2/../../../../pic32mx/lib\libpic32.a(xc32_uart.o)
                0xa000007c                __XC_UART
                0xa0000080                . = ALIGN (0x4)
                0xa0000080                _sdata_end = .

.lit8
 *(.lit8)

.lit4
 *(.lit4)
                0xa0000080                . = ALIGN (0x4)
                0xa0000080                _data_end = .
                0xa0000080                _bss_begin = .

.sbss           0xa0000080      0x2f0
                0xa0000080                _sbss_begin = .
 *(.dynsbss)
 *(.sbss .sbss.* .gnu.linkonce.sb.*)
 .sbss          0xa0000080       0x14 build/pic32mx_eth_sk_int_dyn/production/_ext/1951764757/system_init_private.o
                0xa0000080                _SystemTickCount
                0xa0000084                _SystemTickResolution
 .sbss          0xa0000094        0x8 build/pic32mx_eth_sk_int_dyn/production/_ext/1360937237/app.o
                0xa0000094                LEDstate
 .sbss          0xa000009c       0x5c build/pic32mx_eth_sk_int_dyn/production/_ext/1360937237/custom_snmp_app.o
 .sbss          0xa00000f8        0xc build/pic32mx_eth_sk_int_dyn/production/_ext/1360937237/custom_http_app.o
 .sbss          0xa0000104       0x1c build/pic32mx_eth_sk_int_dyn/production/_ext/1164207549/dhcp.o
 .sbss          0xa0000120       0x30 build/pic32mx_eth_sk_int_dyn/production/_ext/1164207549/dns.o
 .sbss          0xa0000150        0xc build/pic32mx_eth_sk_int_dyn/production/_ext/1164207549/ftp.o
 .sbss          0xa000015c       0x18 build/pic32mx_eth_sk_int_dyn/production/_ext/1164207549/http.o
 .sbss          0xa0000174        0x8 build/pic32mx_eth_sk_int_dyn/production/_ext/1164207549/icmp.o
 .sbss          0xa000017c        0x4 build/pic32mx_eth_sk_int_dyn/production/_ext/1164207549/iperf.o
 .sbss          0xa0000180       0x10 build/pic32mx_eth_sk_int_dyn/production/_ext/1164207549/ipv4.o
 .sbss          0xa0000190        0xc build/pic32mx_eth_sk_int_dyn/production/_ext/1164207549/nbns.o
 .sbss          0xa000019c       0x34 build/pic32mx_eth_sk_int_dyn/production/_ext/1164207549/smtp.o
 .sbss          0xa00001d0       0x5c build/pic32mx_eth_sk_int_dyn/production/_ext/1164207549/snmp.o
 .sbss          0xa000022c       0x14 build/pic32mx_eth_sk_int_dyn/production/_ext/1164207549/snmpv3.o
 .sbss          0xa0000240       0x30 build/pic32mx_eth_sk_int_dyn/production/_ext/1164207549/sntp.o
 .sbss          0xa0000270       0x1c build/pic32mx_eth_sk_int_dyn/production/_ext/1164207549/tcp.o
 .sbss          0xa000028c       0x20 build/pic32mx_eth_sk_int_dyn/production/_ext/1164207549/tcpip_announce.o
 .sbss          0xa00002ac       0x14 build/pic32mx_eth_sk_int_dyn/production/_ext/1164207549/tcpip_commands.o
 .sbss          0xa00002c0       0x24 build/pic32mx_eth_sk_int_dyn/production/_ext/1164207549/tcpip_manager.o
 .sbss          0xa00002e4        0x8 build/pic32mx_eth_sk_int_dyn/production/_ext/1164207549/tcpip_packet.o
 .sbss          0xa00002ec        0x4 build/pic32mx_eth_sk_int_dyn/production/_ext/1164207549/telnet.o
 .sbss          0xa00002f0       0x18 build/pic32mx_eth_sk_int_dyn/production/_ext/1164207549/udp.o
 .sbss          0xa0000308       0x10 build/pic32mx_eth_sk_int_dyn/production/_ext/1418760511/system_command.o
 .sbss          0xa0000318        0x8 build/pic32mx_eth_sk_int_dyn/production/_ext/1418760511/system_debug.o
 .sbss          0xa0000320        0x1 build/pic32mx_eth_sk_int_dyn/production/_ext/1418760511/system_random.o
 *fill*         0xa0000321        0x3 
 .sbss          0xa0000324       0x10 c:/program files/microchip/xc32/v1.30-tc9/bin/../lib/gcc/pic32mx/4.5.2/../../../../pic32mx/lib\libc.a(malloc.o)
                0xa0000324                __allocp
                0xa0000328                __alloct
                0xa000032c                __allocx
 .sbss          0xa0000334        0x1 c:/program files/microchip/xc32/v1.30-tc9/bin/../lib/gcc/pic32mx/4.5.2/../../../../pic32mx/lib\libc.a(_iob.o)
                0xa0000334                _outdone
 *fill*         0xa0000335        0x3 
 .sbss          0xa0000338        0x8 c:/program files/microchip/xc32/v1.30-tc9/bin/../lib/gcc/pic32mx/4.5.2/../../../../pic32mx/lib\libpic32.a(sbrk.o)
                0xa0000338                _minbrk
                0xa000033c                _maxbrk
 .sbss          0xa0000340        0x4 c:/program files/microchip/xc32/v1.30-tc9/bin/../lib/gcc/pic32mx/4.5.2/../../../../pic32mx/lib\libpic32.a(errno.o)
                0xa0000340                errno
 *(.scommon)
 .scommon       0xa0000344       0x10 build/pic32mx_eth_sk_int_dyn/production/_ext/1360937237/app.o
                0xa0000344                appData
                0xa000034c                netH
                0xa0000350                nNets
 .scommon       0xa0000354        0x4 build/pic32mx_eth_sk_int_dyn/production/_ext/1697634946/drv_ethmac.o
                0xa0000354                modeSeljunk
 .scommon       0xa0000358        0x0 build/pic32mx_eth_sk_int_dyn/production/_ext/1697634946/drv_ethmac_lib.o
 .scommon       0xa0000358        0x4 build/pic32mx_eth_sk_int_dyn/production/_ext/521481140/drv_ethphy.o
                0xa0000358                _PhyAdd
 .scommon       0xa000035c        0x0 build/pic32mx_eth_sk_int_dyn/production/_ext/521481140/drv_extphy_dp83848.o
 .scommon       0xa000035c        0x0 build/pic32mx_eth_sk_int_dyn/production/_ext/1104573755/plib_eth_legacy.o
 .scommon       0xa000035c        0x4 build/pic32mx_eth_sk_int_dyn/production/_ext/198928529/plib_int_pic32.o
                0xa000035c                _INT_PLIB_global_int_state
 .scommon       0xa0000360        0xc build/pic32mx_eth_sk_int_dyn/production/_ext/1750042194/sys_fs.o
                0xa0000360                gSYSFSObj
                0xa0000368                errorValue
 .scommon       0xa000036c        0x4 build/pic32mx_eth_sk_int_dyn/production/_ext/693918571/sys_queue.o
                0xa000036c                test
 .scommon       0xa0000370        0x0 build/pic32mx_eth_sk_int_dyn/production/_ext/1164207549/tcpip_manager.o
                0xa0000370                _sbss_end = .
                0xa0000370                . = ALIGN (0x4)

.bss            0xa0000370     0x6de4
 *(.dynbss)
 *(COMMON)
 COMMON         0xa0000370       0x10 build/pic32mx_eth_sk_int_dyn/production/_ext/1360937237/app.o
                0xa0000370                appDrvObjects
 COMMON         0xa0000380       0x34 build/pic32mx_eth_sk_int_dyn/production/_ext/521481140/drv_ethphy.o
                0xa0000380                gDrvETHPHYClientObj
                0xa0000390                gDrvETHPHYObj
 COMMON         0xa00003b4      0x10c build/pic32mx_eth_sk_int_dyn/production/_ext/184581597/drv_nvm.o
                0xa00003b4                gDrvNVMObj
                0xa00003d0                gDrvNVMBufferObject
                0xa00004ac                gDrvNVMClientObj
 COMMON         0xa00004c0     0x401c build/pic32mx_eth_sk_int_dyn/production/_ext/184581597/drv_nvm_media.o
                0xa00004c0                gDrvNVMMediaObject
 COMMON         0xa00044dc       0x34 build/pic32mx_eth_sk_int_dyn/production/_ext/52938249/sys_clk.o
                0xa00044dc                clkObject
 COMMON         0xa0004510     0x1e14 build/pic32mx_eth_sk_int_dyn/production/_ext/1750042194/sys_fs.o
                0xa0004510                gSYSFSFileObj
                0xa0005f3c                gSYSFSMountPoint
 COMMON         0xa0006324      0xdac build/pic32mx_eth_sk_int_dyn/production/_ext/1750042194/sys_fs_media_manager.o
                0xa0006324                gSYSFSMediaObject
                0xa0006a2c                gSYSFSVolumeObject
                0xa000706c                VolToPart
 COMMON         0xa00070d0       0x10 build/pic32mx_eth_sk_int_dyn/production/_ext/614935175/mpfs.o
                0xa00070d0                mpfsObject
 COMMON         0xa00070e0       0x40 build/pic32mx_eth_sk_int_dyn/production/_ext/1886247299/hashes.o
                0xa00070e0                lastBlock
 COMMON         0xa0007120       0x34 build/pic32mx_eth_sk_int_dyn/production/_ext/1164207549/iperf.o
                0xa0007120                g_bfr
                0xa0007154                . = ALIGN ((. != 0x0)?0x4:0x1)
                0xa0007154                . = ALIGN (0x4)
                0xa0007154                _end = .
                0xa0007154                _bss_end = .
                0x00020000                _bmxdudba_address = 0x20000
                0x00020000                _bmxdupba_address = 0x20000

/DISCARD/
 *(.pdr)
 *(.rel.dyn)
 *(.note.GNU-stack)
 *(.note.GNU-stack)
 *(.gnu_debuglink)
 *(.gnu.lto_*)
 *(.discard)

.gptab.sdata
 *(.gptab.data)
 *(.gptab.sdata)

.gptab.sbss
 *(.gptab.bss)
 *(.gptab.sbss)

.mdebug.abi32   0xa0007154        0x0
 *(.mdebug.abi32)
 .mdebug.abi32  0xa0007154        0x0 build/pic32mx_eth_sk_int_dyn/production/_ext/1951764757/system_init.o
 .mdebug.abi32  0xa0007154        0x0 build/pic32mx_eth_sk_int_dyn/production/_ext/1951764757/system_init_private.o
 .mdebug.abi32  0xa0007154        0x0 build/pic32mx_eth_sk_int_dyn/production/_ext/1951764757/system_int.o
 .mdebug.abi32  0xa0007154        0x0 build/pic32mx_eth_sk_int_dyn/production/_ext/1951764757/system_tasks.o
 .mdebug.abi32  0xa0007154        0x0 build/pic32mx_eth_sk_int_dyn/production/_ext/1360937237/app.o
 .mdebug.abi32  0xa0007154        0x0 build/pic32mx_eth_sk_int_dyn/production/_ext/1951764757/bsp_sys_init.o
 .mdebug.abi32  0xa0007154        0x0 build/pic32mx_eth_sk_int_dyn/production/_ext/377798159/config_performance.o
 .mdebug.abi32  0xa0007154        0x0 build/pic32mx_eth_sk_int_dyn/production/_ext/1697634946/drv_ethmac.o
 .mdebug.abi32  0xa0007154        0x0 build/pic32mx_eth_sk_int_dyn/production/_ext/1697634946/drv_ethmac_lib.o
 .mdebug.abi32  0xa0007154        0x0 build/pic32mx_eth_sk_int_dyn/production/_ext/521481140/drv_ethphy.o
 .mdebug.abi32  0xa0007154        0x0 build/pic32mx_eth_sk_int_dyn/production/_ext/521481140/drv_extphy_dp83848.o
 .mdebug.abi32  0xa0007154        0x0 build/pic32mx_eth_sk_int_dyn/production/_ext/184581597/drv_nvm.o
 .mdebug.abi32  0xa0007154        0x0 build/pic32mx_eth_sk_int_dyn/production/_ext/184581597/drv_nvm_media.o
 .mdebug.abi32  0xa0007154        0x0 build/pic32mx_eth_sk_int_dyn/production/_ext/2138650627/db_appio.o
 .mdebug.abi32  0xa0007154        0x0 build/pic32mx_eth_sk_int_dyn/production/_ext/2138650627/usart.o
 .mdebug.abi32  0xa0007154        0x0 build/pic32mx_eth_sk_int_dyn/production/_ext/1104573755/plib_eth_legacy.o
 .mdebug.abi32  0xa0007154        0x0 build/pic32mx_eth_sk_int_dyn/production/_ext/198928529/plib_int_pic32.o
 .mdebug.abi32  0xa0007154        0x0 build/pic32mx_eth_sk_int_dyn/production/_ext/52938249/sys_clk_pic32.o
 .mdebug.abi32  0xa0007154        0x0 build/pic32mx_eth_sk_int_dyn/production/_ext/52938249/sys_clk.o
 .mdebug.abi32  0xa0007154        0x0 build/pic32mx_eth_sk_int_dyn/production/_ext/1750042194/sys_fs.o
 .mdebug.abi32  0xa0007154        0x0 build/pic32mx_eth_sk_int_dyn/production/_ext/1750042194/sys_fs_media_manager.o
 .mdebug.abi32  0xa0007154        0x0 build/pic32mx_eth_sk_int_dyn/production/_ext/614935175/mpfs.o
 .mdebug.abi32  0xa0007154        0x0 build/pic32mx_eth_sk_int_dyn/production/_ext/1964723635/ff.o
 .mdebug.abi32  0xa0007154        0x0 build/pic32mx_eth_sk_int_dyn/production/_ext/732200470/diskio.o
 .mdebug.abi32  0xa0007154        0x0 build/pic32mx_eth_sk_int_dyn/production/_ext/1042686532/sys_int_pic32.o
 .mdebug.abi32  0xa0007154        0x0 build/pic32mx_eth_sk_int_dyn/production/_ext/826631961/sys_ports.o
 .mdebug.abi32  0xa0007154        0x0 build/pic32mx_eth_sk_int_dyn/production/_ext/693918571/sys_queue.o
 .mdebug.abi32  0xa0007154        0x0 build/pic32mx_eth_sk_int_dyn/production/_ext/1886247299/big_int.o
 .mdebug.abi32  0xa0007154        0x0 build/pic32mx_eth_sk_int_dyn/production/_ext/1886247299/hashes.o
 .mdebug.abi32  0xa0007154        0x0 build/pic32mx_eth_sk_int_dyn/production/_ext/1886247299/helpers.o
 .mdebug.abi32  0xa0007154        0x0 build/pic32mx_eth_sk_int_dyn/production/_ext/1886247299/lfsr.o
 .mdebug.abi32  0xa0007154        0x0 build/pic32mx_eth_sk_int_dyn/production/_ext/1886247299/sys_fs_wrapper.o
 .mdebug.abi32  0xa0007154        0x0 build/pic32mx_eth_sk_int_dyn/production/_ext/1360937237/assert_to_ide.o
 .mdebug.abi32  0xa0007154        0x0 build/pic32mx_eth_sk_int_dyn/production/_ext/1360937237/mpfs_img2.o
 .mdebug.abi32  0xa0007154        0x0 build/pic32mx_eth_sk_int_dyn/production/_ext/1360937237/custom_snmp_app.o
 .mdebug.abi32  0xa0007154        0x0 build/pic32mx_eth_sk_int_dyn/production/_ext/1360937237/custom_http_app.o
 .mdebug.abi32  0xa0007154        0x0 build/pic32mx_eth_sk_int_dyn/production/_ext/1164207549/arcfour.o
 .mdebug.abi32  0xa0007154        0x0 build/pic32mx_eth_sk_int_dyn/production/_ext/1164207549/arp.o
 .mdebug.abi32  0xa0007154        0x0 build/pic32mx_eth_sk_int_dyn/production/_ext/1164207549/berkeley_api.o
 .mdebug.abi32  0xa0007154        0x0 build/pic32mx_eth_sk_int_dyn/production/_ext/1164207549/dhcp.o
 .mdebug.abi32  0xa0007154        0x0 build/pic32mx_eth_sk_int_dyn/production/_ext/1164207549/dhcps.o
 .mdebug.abi32  0xa0007154        0x0 build/pic32mx_eth_sk_int_dyn/production/_ext/1164207549/dns.o
 .mdebug.abi32  0xa0007154        0x0 build/pic32mx_eth_sk_int_dyn/production/_ext/1164207549/dnss.o
 .mdebug.abi32  0xa0007154        0x0 build/pic32mx_eth_sk_int_dyn/production/_ext/1164207549/ftp.o
 .mdebug.abi32  0xa0007154        0x0 build/pic32mx_eth_sk_int_dyn/production/_ext/1164207549/hash_fnv.o
 .mdebug.abi32  0xa0007154        0x0 build/pic32mx_eth_sk_int_dyn/production/_ext/1164207549/http.o
 .mdebug.abi32  0xa0007154        0x0 build/pic32mx_eth_sk_int_dyn/production/_ext/1164207549/icmp.o
 .mdebug.abi32  0xa0007154        0x0 build/pic32mx_eth_sk_int_dyn/production/_ext/1164207549/icmpv6.o
 .mdebug.abi32  0xa0007154        0x0 build/pic32mx_eth_sk_int_dyn/production/_ext/1164207549/iperf.o
 .mdebug.abi32  0xa0007154        0x0 build/pic32mx_eth_sk_int_dyn/production/_ext/1164207549/ipv4.o
 .mdebug.abi32  0xa0007154        0x0 build/pic32mx_eth_sk_int_dyn/production/_ext/1164207549/ipv6.o
 .mdebug.abi32  0xa0007154        0x0 build/pic32mx_eth_sk_int_dyn/production/_ext/1164207549/nbns.o
 .mdebug.abi32  0xa0007154        0x0 build/pic32mx_eth_sk_int_dyn/production/_ext/1164207549/ndp.o
 .mdebug.abi32  0xa0007154        0x0 build/pic32mx_eth_sk_int_dyn/production/_ext/1164207549/oahash.o
 .mdebug.abi32  0xa0007154        0x0 build/pic32mx_eth_sk_int_dyn/production/_ext/1164207549/rsa.o
 .mdebug.abi32  0xa0007154        0x0 build/pic32mx_eth_sk_int_dyn/production/_ext/1164207549/smtp.o
 .mdebug.abi32  0xa0007154        0x0 build/pic32mx_eth_sk_int_dyn/production/_ext/1164207549/snmp.o
 .mdebug.abi32  0xa0007154        0x0 build/pic32mx_eth_sk_int_dyn/production/_ext/1164207549/snmpv3.o
 .mdebug.abi32  0xa0007154        0x0 build/pic32mx_eth_sk_int_dyn/production/_ext/1164207549/snmpv3_usm.o
 .mdebug.abi32  0xa0007154        0x0 build/pic32mx_eth_sk_int_dyn/production/_ext/1164207549/sntp.o
 .mdebug.abi32  0xa0007154        0x0 build/pic32mx_eth_sk_int_dyn/production/_ext/1164207549/ssl.o
 .mdebug.abi32  0xa0007154        0x0 build/pic32mx_eth_sk_int_dyn/production/_ext/1164207549/tcp.o
 .mdebug.abi32  0xa0007154        0x0 build/pic32mx_eth_sk_int_dyn/production/_ext/1164207549/tcpip_announce.o
 .mdebug.abi32  0xa0007154        0x0 build/pic32mx_eth_sk_int_dyn/production/_ext/1164207549/tcpip_commands.o
 .mdebug.abi32  0xa0007154        0x0 build/pic32mx_eth_sk_int_dyn/production/_ext/1164207549/tcpip_heap_alloc.o
 .mdebug.abi32  0xa0007154        0x0 build/pic32mx_eth_sk_int_dyn/production/_ext/1164207549/tcpip_helpers.o
 .mdebug.abi32  0xa0007154        0x0 build/pic32mx_eth_sk_int_dyn/production/_ext/1164207549/tcpip_mac_object.o
 .mdebug.abi32  0xa0007154        0x0 build/pic32mx_eth_sk_int_dyn/production/_ext/1164207549/tcpip_manager.o
 .mdebug.abi32  0xa0007154        0x0 build/pic32mx_eth_sk_int_dyn/production/_ext/1164207549/tcpip_notify.o
 .mdebug.abi32  0xa0007154        0x0 build/pic32mx_eth_sk_int_dyn/production/_ext/1164207549/tcpip_packet.o
 .mdebug.abi32  0xa0007154        0x0 build/pic32mx_eth_sk_int_dyn/production/_ext/1164207549/tcpip_reboot.o
 .mdebug.abi32  0xa0007154        0x0 build/pic32mx_eth_sk_int_dyn/production/_ext/1164207549/telnet.o
 .mdebug.abi32  0xa0007154        0x0 build/pic32mx_eth_sk_int_dyn/production/_ext/1164207549/udp.o
 .mdebug.abi32  0xa0007154        0x0 build/pic32mx_eth_sk_int_dyn/production/_ext/1164207549/zero_conf_helper.o
 .mdebug.abi32  0xa0007154        0x0 build/pic32mx_eth_sk_int_dyn/production/_ext/1164207549/zero_conf_link_local.o
 .mdebug.abi32  0xa0007154        0x0 build/pic32mx_eth_sk_int_dyn/production/_ext/1164207549/zero_conf_multicast_dns.o
 .mdebug.abi32  0xa0007154        0x0 build/pic32mx_eth_sk_int_dyn/production/_ext/1418760511/pic32mz_ports.o
 .mdebug.abi32  0xa0007154        0x0 build/pic32mx_eth_sk_int_dyn/production/_ext/1418760511/system_command.o
 .mdebug.abi32  0xa0007154        0x0 build/pic32mx_eth_sk_int_dyn/production/_ext/1418760511/system_debug.o
 .mdebug.abi32  0xa0007154        0x0 build/pic32mx_eth_sk_int_dyn/production/_ext/1418760511/system_random.o
 .mdebug.abi32  0xa0007154        0x0 build/pic32mx_eth_sk_int_dyn/production/_ext/1418760511/system_userio.o
 .mdebug.abi32  0xa0007154        0x0 build/pic32mx_eth_sk_int_dyn/production/_ext/1360937237/main.o
 .mdebug.abi32  0xa0007154        0x0 ..\..\..\..\..\framework\tcpip\src\crypto\aes_pic32mx.a(AES_CFB.o)
 .mdebug.abi32  0xa0007154        0x0 ..\..\..\..\..\framework\tcpip\src\crypto\aes_pic32mx.a(AES_ECB_PIC32.o)
 .mdebug.abi32  0xa0007154        0x0 c:/program files/microchip/xc32/v1.30-tc9/bin/../lib/gcc/pic32mx/4.5.2/../../../../pic32mx/lib\libmchp_peripheral_32MX795F512L.a(port_set_pins_digital_in_lib.o)
 .mdebug.abi32  0xa0007154        0x0 c:/program files/microchip/xc32/v1.30-tc9/bin/../lib/gcc/pic32mx/4.5.2/../../../../pic32mx/lib\libmchp_peripheral_32MX795F512L.a(port_set_pins_digital_out_lib.o)
 .mdebug.abi32  0xa0007154        0x0 c:/program files/microchip/xc32/v1.30-tc9/bin/../lib/gcc/pic32mx/4.5.2/../../../../pic32mx/lib\libmchp_peripheral_32MX795F512L.a(_ports_tbl_libp.o)
 .mdebug.abi32  0xa0007154        0x0 c:/program files/microchip/xc32/v1.30-tc9/bin/../lib/gcc/pic32mx/4.5.2\libgcc.a(_udivdi3.o)
 .mdebug.abi32  0xa0007154        0x0 c:/program files/microchip/xc32/v1.30-tc9/bin/../lib/gcc/pic32mx/4.5.2\libgcc.a(floatunsisf.o)
 .mdebug.abi32  0xa0007154        0x0 c:/program files/microchip/xc32/v1.30-tc9/bin/../lib/gcc/pic32mx/4.5.2/../../../../pic32mx/lib\libpic32.a(default-bootstrap-exception-handler.o)
 .mdebug.abi32  0xa0007154        0x0 c:/program files/microchip/xc32/v1.30-tc9/bin/../lib/gcc/pic32mx/4.5.2/../../../../pic32mx/lib\libpic32.a(default-on-reset.o)
 .mdebug.abi32  0xa0007154        0x0 c:/program files/microchip/xc32/v1.30-tc9/bin/../lib/gcc/pic32mx/4.5.2/../../../../pic32mx/lib\libpic32.a(default-on-bootstrap.o)
 .mdebug.abi32  0xa0007154        0x0 c:/program files/microchip/xc32/v1.30-tc9/bin/../lib/gcc/pic32mx/4.5.2/../../../../pic32mx/lib\libpic32.a(defaultinterrupt.o)
 .mdebug.abi32  0xa0007154        0x0 c:/program files/microchip/xc32/v1.30-tc9/bin/../lib/gcc/pic32mx/4.5.2/../../../../pic32mx/lib\libc.a(fassert.o)
 .mdebug.abi32  0xa0007154        0x0 c:/program files/microchip/xc32/v1.30-tc9/bin/../lib/gcc/pic32mx/4.5.2/../../../../pic32mx/lib\libc.a(atoi.o)
 .mdebug.abi32  0xa0007154        0x0 c:/program files/microchip/xc32/v1.30-tc9/bin/../lib/gcc/pic32mx/4.5.2/../../../../pic32mx/lib\libc.a(atol.o)
 .mdebug.abi32  0xa0007154        0x0 c:/program files/microchip/xc32/v1.30-tc9/bin/../lib/gcc/pic32mx/4.5.2/../../../../pic32mx/lib\libc.a(calloc.o)
 .mdebug.abi32  0xa0007154        0x0 c:/program files/microchip/xc32/v1.30-tc9/bin/../lib/gcc/pic32mx/4.5.2/../../../../pic32mx/lib\libc.a(ctype.o)
 .mdebug.abi32  0xa0007154        0x0 c:/program files/microchip/xc32/v1.30-tc9/bin/../lib/gcc/pic32mx/4.5.2/../../../../pic32mx/lib\libc.a(malloc.o)
 .mdebug.abi32  0xa0007154        0x0 c:/program files/microchip/xc32/v1.30-tc9/bin/../lib/gcc/pic32mx/4.5.2/../../../../pic32mx/lib\libc.a(rand.o)
 .mdebug.abi32  0xa0007154        0x0 c:/program files/microchip/xc32/v1.30-tc9/bin/../lib/gcc/pic32mx/4.5.2/../../../../pic32mx/lib\libc.a(signal.o)
 .mdebug.abi32  0xa0007154        0x0 c:/program files/microchip/xc32/v1.30-tc9/bin/../lib/gcc/pic32mx/4.5.2/../../../../pic32mx/lib\libc.a(strchr.o)
 .mdebug.abi32  0xa0007154        0x0 c:/program files/microchip/xc32/v1.30-tc9/bin/../lib/gcc/pic32mx/4.5.2/../../../../pic32mx/lib\libc.a(strncat.o)
 .mdebug.abi32  0xa0007154        0x0 c:/program files/microchip/xc32/v1.30-tc9/bin/../lib/gcc/pic32mx/4.5.2/../../../../pic32mx/lib\libc.a(strncmp.o)
 .mdebug.abi32  0xa0007154        0x0 c:/program files/microchip/xc32/v1.30-tc9/bin/../lib/gcc/pic32mx/4.5.2/../../../../pic32mx/lib\libc.a(strncpy.o)
 .mdebug.abi32  0xa0007154        0x0 c:/program files/microchip/xc32/v1.30-tc9/bin/../lib/gcc/pic32mx/4.5.2/../../../../pic32mx/lib\libc.a(strstr.o)
 .mdebug.abi32  0xa0007154        0x0 c:/program files/microchip/xc32/v1.30-tc9/bin/../lib/gcc/pic32mx/4.5.2/../../../../pic32mx/lib\libc.a(strtok.o)
 .mdebug.abi32  0xa0007154        0x0 c:/program files/microchip/xc32/v1.30-tc9/bin/../lib/gcc/pic32mx/4.5.2/../../../../pic32mx/lib\libc.a(exit.o)
 .mdebug.abi32  0xa0007154        0x0 c:/program files/microchip/xc32/v1.30-tc9/bin/../lib/gcc/pic32mx/4.5.2/../../../../pic32mx/lib\libc.a(fprintf_cdnopsuxX.eo)
 .mdebug.abi32  0xa0007154        0x0 c:/program files/microchip/xc32/v1.30-tc9/bin/../lib/gcc/pic32mx/4.5.2/../../../../pic32mx/lib\libc.a(snprintf_cdnopsuxX.eo)
 .mdebug.abi32  0xa0007154        0x0 c:/program files/microchip/xc32/v1.30-tc9/bin/../lib/gcc/pic32mx/4.5.2/../../../../pic32mx/lib\libc.a(sprintf_cdnopsuxX.eo)
 .mdebug.abi32  0xa0007154        0x0 c:/program files/microchip/xc32/v1.30-tc9/bin/../lib/gcc/pic32mx/4.5.2/../../../../pic32mx/lib\libc.a(vsnprintf_cdnopsuxX.eo)
 .mdebug.abi32  0xa0007154        0x0 c:/program files/microchip/xc32/v1.30-tc9/bin/../lib/gcc/pic32mx/4.5.2/../../../../pic32mx/lib\libc.a(vsnprintf.o)
 .mdebug.abi32  0xa0007154        0x0 c:/program files/microchip/xc32/v1.30-tc9/bin/../lib/gcc/pic32mx/4.5.2/../../../../pic32mx/lib\libc.a(_iob.o)
 .mdebug.abi32  0xa0007154        0x0 c:/program files/microchip/xc32/v1.30-tc9/bin/../lib/gcc/pic32mx/4.5.2/../../../../pic32mx/lib\libc.a(stdclean_simple.o)
 .mdebug.abi32  0xa0007154        0x0 c:/program files/microchip/xc32/v1.30-tc9/bin/../lib/gcc/pic32mx/4.5.2/../../../../pic32mx/lib\libc.a(strcspn.o)
 .mdebug.abi32  0xa0007154        0x0 c:/program files/microchip/xc32/v1.30-tc9/bin/../lib/gcc/pic32mx/4.5.2/../../../../pic32mx/lib\libc.a(strspn.o)
 .mdebug.abi32  0xa0007154        0x0 c:/program files/microchip/xc32/v1.30-tc9/bin/../lib/gcc/pic32mx/4.5.2/../../../../pic32mx/lib\libc.a(doprnt_cdnopsuxX.eo)
 .mdebug.abi32  0xa0007154        0x0 c:/program files/microchip/xc32/v1.30-tc9/bin/../lib/gcc/pic32mx/4.5.2/../../../../pic32mx/lib\libc.a(doprnt.o)
 .mdebug.abi32  0xa0007154        0x0 c:/program files/microchip/xc32/v1.30-tc9/bin/../lib/gcc/pic32mx/4.5.2/../../../../pic32mx/lib\libc.a(_fputc_simple.o)
 .mdebug.abi32  0xa0007154        0x0 c:/program files/microchip/xc32/v1.30-tc9/bin/../lib/gcc/pic32mx/4.5.2/../../../../pic32mx/lib\libc.a(powersf.o)
 .mdebug.abi32  0xa0007154        0x0 c:/program files/microchip/xc32/v1.30-tc9/bin/../lib/gcc/pic32mx/4.5.2/../../../../pic32mx/lib\libc.a(_flsbuf_simple.o)
 .mdebug.abi32  0xa0007154        0x0 c:/program files/microchip/xc32/v1.30-tc9/bin/../lib/gcc/pic32mx/4.5.2/../../../../pic32mx/lib\libpic32.a(sbrk.o)
 .mdebug.abi32  0xa0007154        0x0 c:/program files/microchip/xc32/v1.30-tc9/bin/../lib/gcc/pic32mx/4.5.2/../../../../pic32mx/lib\libpic32.a(write.o)
 .mdebug.abi32  0xa0007154        0x0 c:/program files/microchip/xc32/v1.30-tc9/bin/../lib/gcc/pic32mx/4.5.2/../../../../pic32mx/lib\libpic32.a(errno.o)
 .mdebug.abi32  0xa0007154        0x0 c:/program files/microchip/xc32/v1.30-tc9/bin/../lib/gcc/pic32mx/4.5.2/../../../../pic32mx/lib\libpic32.a(_mon_putc.o)
 .mdebug.abi32  0xa0007154        0x0 c:/program files/microchip/xc32/v1.30-tc9/bin/../lib/gcc/pic32mx/4.5.2/../../../../pic32mx/lib\libpic32.a(xc32_uart.o)
 .mdebug.abi32  0xa0007154        0x0 c:/program files/microchip/xc32/v1.30-tc9/bin/../lib/gcc/pic32mx/4.5.2/../../../../pic32mx/lib\libe.a(_floatdisf.o)
 .mdebug.abi32  0xa0007154        0x0 c:/program files/microchip/xc32/v1.30-tc9/bin/../lib/gcc/pic32mx/4.5.2\libgcc.a(_floatundisf.o)
 .mdebug.abi32  0xa0007154        0x0 c:/program files/microchip/xc32/v1.30-tc9/bin/../lib/gcc/pic32mx/4.5.2\libgcc.a(_umoddi3.o)

.mdebug.abiN32
 *(.mdebug.abiN32)

.mdebug.abi64
 *(.mdebug.abi64)

.mdebug.abiO64
 *(.mdebug.abiO64)

.mdebug.eabi32
 *(.mdebug.eabi32)

.mdebug.eabi64
 *(.mdebug.eabi64)

.gcc_compiled_long32
 *(.gcc_compiled_long32)

.gcc_compiled_long64
 *(.gcc_compiled_long64)

.stab
 *(.stab)

.stabstr
 *(.stabstr)

.stab.excl
 *(.stab.excl)

.stab.exclstr
 *(.stab.exclstr)

.stab.index
 *(.stab.index)

.stab.indexstr
 *(.stab.indexstr)

.comment        0x00000000      0x30c
 *(.comment)
 .comment       0x00000000       0x42 build/pic32mx_eth_sk_int_dyn/production/_ext/1951764757/system_init.o
                                 0x43 (size before relaxing)
 .comment       0x00000000       0x43 build/pic32mx_eth_sk_int_dyn/production/_ext/1951764757/system_init_private.o
 .comment       0x00000000       0x43 build/pic32mx_eth_sk_int_dyn/production/_ext/1951764757/system_int.o
 .comment       0x00000000       0x43 build/pic32mx_eth_sk_int_dyn/production/_ext/1951764757/system_tasks.o
 .comment       0x00000000       0x43 build/pic32mx_eth_sk_int_dyn/production/_ext/1360937237/app.o
 .comment       0x00000000       0x43 build/pic32mx_eth_sk_int_dyn/production/_ext/1951764757/bsp_sys_init.o
 .comment       0x00000000       0x43 build/pic32mx_eth_sk_int_dyn/production/_ext/377798159/config_performance.o
 .comment       0x00000000       0x43 build/pic32mx_eth_sk_int_dyn/production/_ext/1697634946/drv_ethmac.o
 .comment       0x00000000       0x43 build/pic32mx_eth_sk_int_dyn/production/_ext/1697634946/drv_ethmac_lib.o
 .comment       0x00000000       0x43 build/pic32mx_eth_sk_int_dyn/production/_ext/521481140/drv_ethphy.o
 .comment       0x00000000       0x43 build/pic32mx_eth_sk_int_dyn/production/_ext/521481140/drv_extphy_dp83848.o
 .comment       0x00000000       0x43 build/pic32mx_eth_sk_int_dyn/production/_ext/184581597/drv_nvm.o
 .comment       0x00000000       0x43 build/pic32mx_eth_sk_int_dyn/production/_ext/184581597/drv_nvm_media.o
 .comment       0x00000000       0x43 build/pic32mx_eth_sk_int_dyn/production/_ext/2138650627/db_appio.o
 .comment       0x00000000       0x43 build/pic32mx_eth_sk_int_dyn/production/_ext/2138650627/usart.o
 .comment       0x00000000       0x43 build/pic32mx_eth_sk_int_dyn/production/_ext/1104573755/plib_eth_legacy.o
 .comment       0x00000000       0x43 build/pic32mx_eth_sk_int_dyn/production/_ext/198928529/plib_int_pic32.o
 .comment       0x00000000       0x43 build/pic32mx_eth_sk_int_dyn/production/_ext/52938249/sys_clk_pic32.o
 .comment       0x00000000       0x43 build/pic32mx_eth_sk_int_dyn/production/_ext/52938249/sys_clk.o
 .comment       0x00000000       0x43 build/pic32mx_eth_sk_int_dyn/production/_ext/1750042194/sys_fs.o
 .comment       0x00000000       0x43 build/pic32mx_eth_sk_int_dyn/production/_ext/1750042194/sys_fs_media_manager.o
 .comment       0x00000000       0x43 build/pic32mx_eth_sk_int_dyn/production/_ext/614935175/mpfs.o
 .comment       0x00000000       0x43 build/pic32mx_eth_sk_int_dyn/production/_ext/1964723635/ff.o
 .comment       0x00000000       0x43 build/pic32mx_eth_sk_int_dyn/production/_ext/732200470/diskio.o
 .comment       0x00000000       0x43 build/pic32mx_eth_sk_int_dyn/production/_ext/1042686532/sys_int_pic32.o
 .comment       0x00000000       0x43 build/pic32mx_eth_sk_int_dyn/production/_ext/826631961/sys_ports.o
 .comment       0x00000000       0x43 build/pic32mx_eth_sk_int_dyn/production/_ext/693918571/sys_queue.o
 .comment       0x00000000       0x43 build/pic32mx_eth_sk_int_dyn/production/_ext/1886247299/big_int.o
 .comment       0x00000000       0x43 build/pic32mx_eth_sk_int_dyn/production/_ext/1886247299/hashes.o
 .comment       0x00000000       0x43 build/pic32mx_eth_sk_int_dyn/production/_ext/1886247299/helpers.o
 .comment       0x00000000       0x43 build/pic32mx_eth_sk_int_dyn/production/_ext/1886247299/lfsr.o
 .comment       0x00000000       0x43 build/pic32mx_eth_sk_int_dyn/production/_ext/1886247299/sys_fs_wrapper.o
 .comment       0x00000000       0x43 build/pic32mx_eth_sk_int_dyn/production/_ext/1360937237/assert_to_ide.o
 .comment       0x00000000       0x43 build/pic32mx_eth_sk_int_dyn/production/_ext/1360937237/mpfs_img2.o
 .comment       0x00000000       0x43 build/pic32mx_eth_sk_int_dyn/production/_ext/1360937237/custom_snmp_app.o
 .comment       0x00000000       0x43 build/pic32mx_eth_sk_int_dyn/production/_ext/1360937237/custom_http_app.o
 .comment       0x00000000       0x43 build/pic32mx_eth_sk_int_dyn/production/_ext/1164207549/arcfour.o
 .comment       0x00000000       0x43 build/pic32mx_eth_sk_int_dyn/production/_ext/1164207549/arp.o
 .comment       0x00000000       0x43 build/pic32mx_eth_sk_int_dyn/production/_ext/1164207549/berkeley_api.o
 .comment       0x00000000       0x43 build/pic32mx_eth_sk_int_dyn/production/_ext/1164207549/dhcp.o
 .comment       0x00000000       0x43 build/pic32mx_eth_sk_int_dyn/production/_ext/1164207549/dhcps.o
 .comment       0x00000000       0x43 build/pic32mx_eth_sk_int_dyn/production/_ext/1164207549/dns.o
 .comment       0x00000000       0x43 build/pic32mx_eth_sk_int_dyn/production/_ext/1164207549/dnss.o
 .comment       0x00000000       0x43 build/pic32mx_eth_sk_int_dyn/production/_ext/1164207549/ftp.o
 .comment       0x00000000       0x43 build/pic32mx_eth_sk_int_dyn/production/_ext/1164207549/hash_fnv.o
 .comment       0x00000000       0x43 build/pic32mx_eth_sk_int_dyn/production/_ext/1164207549/http.o
 .comment       0x00000000       0x43 build/pic32mx_eth_sk_int_dyn/production/_ext/1164207549/icmp.o
 .comment       0x00000000       0x43 build/pic32mx_eth_sk_int_dyn/production/_ext/1164207549/icmpv6.o
 .comment       0x00000000       0x43 build/pic32mx_eth_sk_int_dyn/production/_ext/1164207549/iperf.o
 .comment       0x00000000       0x43 build/pic32mx_eth_sk_int_dyn/production/_ext/1164207549/ipv4.o
 .comment       0x00000000       0x43 build/pic32mx_eth_sk_int_dyn/production/_ext/1164207549/ipv6.o
 .comment       0x00000000       0x43 build/pic32mx_eth_sk_int_dyn/production/_ext/1164207549/nbns.o
 .comment       0x00000000       0x43 build/pic32mx_eth_sk_int_dyn/production/_ext/1164207549/ndp.o
 .comment       0x00000000       0x43 build/pic32mx_eth_sk_int_dyn/production/_ext/1164207549/oahash.o
 .comment       0x00000000       0x43 build/pic32mx_eth_sk_int_dyn/production/_ext/1164207549/rsa.o
 .comment       0x00000000       0x43 build/pic32mx_eth_sk_int_dyn/production/_ext/1164207549/smtp.o
 .comment       0x00000000       0x43 build/pic32mx_eth_sk_int_dyn/production/_ext/1164207549/snmp.o
 .comment       0x00000000       0x43 build/pic32mx_eth_sk_int_dyn/production/_ext/1164207549/snmpv3.o
 .comment       0x00000000       0x43 build/pic32mx_eth_sk_int_dyn/production/_ext/1164207549/snmpv3_usm.o
 .comment       0x00000000       0x43 build/pic32mx_eth_sk_int_dyn/production/_ext/1164207549/sntp.o
 .comment       0x00000000       0x43 build/pic32mx_eth_sk_int_dyn/production/_ext/1164207549/ssl.o
 .comment       0x00000000       0x43 build/pic32mx_eth_sk_int_dyn/production/_ext/1164207549/tcp.o
 .comment       0x00000000       0x43 build/pic32mx_eth_sk_int_dyn/production/_ext/1164207549/tcpip_announce.o
 .comment       0x00000000       0x43 build/pic32mx_eth_sk_int_dyn/production/_ext/1164207549/tcpip_commands.o
 .comment       0x00000000       0x43 build/pic32mx_eth_sk_int_dyn/production/_ext/1164207549/tcpip_heap_alloc.o
 .comment       0x00000000       0x43 build/pic32mx_eth_sk_int_dyn/production/_ext/1164207549/tcpip_helpers.o
 .comment       0x00000000       0x43 build/pic32mx_eth_sk_int_dyn/production/_ext/1164207549/tcpip_mac_object.o
 .comment       0x00000000       0x43 build/pic32mx_eth_sk_int_dyn/production/_ext/1164207549/tcpip_manager.o
 .comment       0x00000000       0x43 build/pic32mx_eth_sk_int_dyn/production/_ext/1164207549/tcpip_notify.o
 .comment       0x00000000       0x43 build/pic32mx_eth_sk_int_dyn/production/_ext/1164207549/tcpip_packet.o
 .comment       0x00000000       0x43 build/pic32mx_eth_sk_int_dyn/production/_ext/1164207549/tcpip_reboot.o
 .comment       0x00000000       0x43 build/pic32mx_eth_sk_int_dyn/production/_ext/1164207549/telnet.o
 .comment       0x00000000       0x43 build/pic32mx_eth_sk_int_dyn/production/_ext/1164207549/udp.o
 .comment       0x00000000       0x43 build/pic32mx_eth_sk_int_dyn/production/_ext/1164207549/zero_conf_helper.o
 .comment       0x00000000       0x43 build/pic32mx_eth_sk_int_dyn/production/_ext/1164207549/zero_conf_link_local.o
 .comment       0x00000000       0x43 build/pic32mx_eth_sk_int_dyn/production/_ext/1164207549/zero_conf_multicast_dns.o
 .comment       0x00000000       0x43 build/pic32mx_eth_sk_int_dyn/production/_ext/1418760511/pic32mz_ports.o
 .comment       0x00000000       0x43 build/pic32mx_eth_sk_int_dyn/production/_ext/1418760511/system_command.o
 .comment       0x00000000       0x43 build/pic32mx_eth_sk_int_dyn/production/_ext/1418760511/system_debug.o
 .comment       0x00000000       0x43 build/pic32mx_eth_sk_int_dyn/production/_ext/1418760511/system_random.o
 .comment       0x00000000       0x43 build/pic32mx_eth_sk_int_dyn/production/_ext/1418760511/system_userio.o
 .comment       0x00000000       0x43 build/pic32mx_eth_sk_int_dyn/production/_ext/1360937237/main.o
 .comment       0x00000042       0x50 ..\..\..\..\..\framework\tcpip\src\crypto\aes_pic32mx.a(AES_CFB.o)
 .comment       0x00000092       0x50 ..\..\..\..\..\framework\tcpip\src\crypto\aes_pic32mx.a(AES_ECB_PIC32.o)
 .comment       0x000000e2       0x3c c:/program files/microchip/xc32/v1.30-tc9/bin/../lib/gcc/pic32mx/4.5.2/../../../../pic32mx/lib\libmchp_peripheral_32MX795F512L.a(port_set_pins_digital_in_lib.o)
                                 0x3d (size before relaxing)
 .comment       0x00000000       0x3d c:/program files/microchip/xc32/v1.30-tc9/bin/../lib/gcc/pic32mx/4.5.2/../../../../pic32mx/lib\libmchp_peripheral_32MX795F512L.a(port_set_pins_digital_out_lib.o)
 .comment       0x00000000       0x3d c:/program files/microchip/xc32/v1.30-tc9/bin/../lib/gcc/pic32mx/4.5.2/../../../../pic32mx/lib\libmchp_peripheral_32MX795F512L.a(_ports_tbl_libp.o)
 .comment       0x00000000       0x43 c:/program files/microchip/xc32/v1.30-tc9/bin/../lib/gcc/pic32mx/4.5.2\libgcc.a(_udivdi3.o)
 .comment       0x00000000       0x43 c:/program files/microchip/xc32/v1.30-tc9/bin/../lib/gcc/pic32mx/4.5.2\libgcc.a(floatunsisf.o)
 .comment       0x0000011e       0x18 c:/program files/microchip/xc32/v1.30-tc9/bin/../lib/gcc/pic32mx/4.5.2/../../../../pic32mx/lib\libpic32.a(memcmp.o)
                                 0x19 (size before relaxing)
 .comment       0x00000136       0x18 c:/program files/microchip/xc32/v1.30-tc9/bin/../lib/gcc/pic32mx/4.5.2/../../../../pic32mx/lib\libpic32.a(memset.o)
                                 0x19 (size before relaxing)
 .comment       0x0000014e       0x55 c:/program files/microchip/xc32/v1.30-tc9/bin/../lib/gcc/pic32mx/4.5.2/../../../../pic32mx/lib\libpic32.a(strcmp.o)
                                 0x56 (size before relaxing)
 .comment       0x000001a3       0x19 c:/program files/microchip/xc32/v1.30-tc9/bin/../lib/gcc/pic32mx/4.5.2/../../../../pic32mx/lib\libpic32.a(strcpy.o)
                                 0x1a (size before relaxing)
 .comment       0x000001bc       0x19 c:/program files/microchip/xc32/v1.30-tc9/bin/../lib/gcc/pic32mx/4.5.2/../../../../pic32mx/lib\libpic32.a(strlen.o)
                                 0x1a (size before relaxing)
 .comment       0x00000000       0x43 c:/program files/microchip/xc32/v1.30-tc9/bin/../lib/gcc/pic32mx/4.5.2/../../../../pic32mx/lib\libpic32.a(default-bootstrap-exception-handler.o)
 .comment       0x00000000       0x43 c:/program files/microchip/xc32/v1.30-tc9/bin/../lib/gcc/pic32mx/4.5.2/../../../../pic32mx/lib\libpic32.a(default-on-reset.o)
 .comment       0x00000000       0x43 c:/program files/microchip/xc32/v1.30-tc9/bin/../lib/gcc/pic32mx/4.5.2/../../../../pic32mx/lib\libpic32.a(default-on-bootstrap.o)
 .comment       0x00000000       0x43 c:/program files/microchip/xc32/v1.30-tc9/bin/../lib/gcc/pic32mx/4.5.2/../../../../pic32mx/lib\libpic32.a(defaultinterrupt.o)
 .comment       0x00000000       0x43 c:/program files/microchip/xc32/v1.30-tc9/bin/../lib/gcc/pic32mx/4.5.2/../../../../pic32mx/lib\libc.a(fassert.o)
 .comment       0x00000000       0x43 c:/program files/microchip/xc32/v1.30-tc9/bin/../lib/gcc/pic32mx/4.5.2/../../../../pic32mx/lib\libc.a(atoi.o)
 .comment       0x00000000       0x43 c:/program files/microchip/xc32/v1.30-tc9/bin/../lib/gcc/pic32mx/4.5.2/../../../../pic32mx/lib\libc.a(atol.o)
 .comment       0x00000000       0x43 c:/program files/microchip/xc32/v1.30-tc9/bin/../lib/gcc/pic32mx/4.5.2/../../../../pic32mx/lib\libc.a(calloc.o)
 .comment       0x000001d5       0x4e c:/program files/microchip/xc32/v1.30-tc9/bin/../lib/gcc/pic32mx/4.5.2/../../../../pic32mx/lib\libc.a(ctype.o)
                                 0x91 (size before relaxing)
 .comment       0x00000000       0x43 c:/program files/microchip/xc32/v1.30-tc9/bin/../lib/gcc/pic32mx/4.5.2/../../../../pic32mx/lib\libc.a(malloc.o)
 .comment       0x00000000       0x43 c:/program files/microchip/xc32/v1.30-tc9/bin/../lib/gcc/pic32mx/4.5.2/../../../../pic32mx/lib\libc.a(rand.o)
 .comment       0x00000000       0x43 c:/program files/microchip/xc32/v1.30-tc9/bin/../lib/gcc/pic32mx/4.5.2/../../../../pic32mx/lib\libc.a(signal.o)
 .comment       0x00000000       0x43 c:/program files/microchip/xc32/v1.30-tc9/bin/../lib/gcc/pic32mx/4.5.2/../../../../pic32mx/lib\libc.a(strchr.o)
 .comment       0x00000000       0x43 c:/program files/microchip/xc32/v1.30-tc9/bin/../lib/gcc/pic32mx/4.5.2/../../../../pic32mx/lib\libc.a(strncat.o)
 .comment       0x00000000       0x43 c:/program files/microchip/xc32/v1.30-tc9/bin/../lib/gcc/pic32mx/4.5.2/../../../../pic32mx/lib\libc.a(strncmp.o)
 .comment       0x00000000       0x43 c:/program files/microchip/xc32/v1.30-tc9/bin/../lib/gcc/pic32mx/4.5.2/../../../../pic32mx/lib\libc.a(strncpy.o)
 .comment       0x00000000       0x43 c:/program files/microchip/xc32/v1.30-tc9/bin/../lib/gcc/pic32mx/4.5.2/../../../../pic32mx/lib\libc.a(strstr.o)
 .comment       0x00000000       0x43 c:/program files/microchip/xc32/v1.30-tc9/bin/../lib/gcc/pic32mx/4.5.2/../../../../pic32mx/lib\libc.a(strtok.o)
 .comment       0x00000000       0x43 c:/program files/microchip/xc32/v1.30-tc9/bin/../lib/gcc/pic32mx/4.5.2/../../../../pic32mx/lib\libc.a(exit.o)
 .comment       0x00000000       0x43 c:/program files/microchip/xc32/v1.30-tc9/bin/../lib/gcc/pic32mx/4.5.2/../../../../pic32mx/lib\libc.a(fprintf_cdnopsuxX.eo)
 .comment       0x00000000       0x43 c:/program files/microchip/xc32/v1.30-tc9/bin/../lib/gcc/pic32mx/4.5.2/../../../../pic32mx/lib\libc.a(snprintf_cdnopsuxX.eo)
 .comment       0x00000000       0x43 c:/program files/microchip/xc32/v1.30-tc9/bin/../lib/gcc/pic32mx/4.5.2/../../../../pic32mx/lib\libc.a(sprintf_cdnopsuxX.eo)
 .comment       0x00000000       0x43 c:/program files/microchip/xc32/v1.30-tc9/bin/../lib/gcc/pic32mx/4.5.2/../../../../pic32mx/lib\libc.a(vsnprintf_cdnopsuxX.eo)
 .comment       0x00000000       0x43 c:/program files/microchip/xc32/v1.30-tc9/bin/../lib/gcc/pic32mx/4.5.2/../../../../pic32mx/lib\libc.a(vsnprintf.o)
 .comment       0x00000000       0x43 c:/program files/microchip/xc32/v1.30-tc9/bin/../lib/gcc/pic32mx/4.5.2/../../../../pic32mx/lib\libc.a(_iob.o)
 .comment       0x00000000       0x43 c:/program files/microchip/xc32/v1.30-tc9/bin/../lib/gcc/pic32mx/4.5.2/../../../../pic32mx/lib\libc.a(stdclean_simple.o)
 .comment       0x00000000       0x43 c:/program files/microchip/xc32/v1.30-tc9/bin/../lib/gcc/pic32mx/4.5.2/../../../../pic32mx/lib\libc.a(strcspn.o)
 .comment       0x00000000       0x43 c:/program files/microchip/xc32/v1.30-tc9/bin/../lib/gcc/pic32mx/4.5.2/../../../../pic32mx/lib\libc.a(strspn.o)
 .comment       0x00000000       0x43 c:/program files/microchip/xc32/v1.30-tc9/bin/../lib/gcc/pic32mx/4.5.2/../../../../pic32mx/lib\libc.a(doprnt_cdnopsuxX.eo)
 .comment       0x00000000       0x43 c:/program files/microchip/xc32/v1.30-tc9/bin/../lib/gcc/pic32mx/4.5.2/../../../../pic32mx/lib\libc.a(doprnt.o)
 .comment       0x00000000       0x43 c:/program files/microchip/xc32/v1.30-tc9/bin/../lib/gcc/pic32mx/4.5.2/../../../../pic32mx/lib\libc.a(_fputc_simple.o)
 .comment       0x00000000       0x43 c:/program files/microchip/xc32/v1.30-tc9/bin/../lib/gcc/pic32mx/4.5.2/../../../../pic32mx/lib\libc.a(powersf.o)
 .comment       0x00000000       0x43 c:/program files/microchip/xc32/v1.30-tc9/bin/../lib/gcc/pic32mx/4.5.2/../../../../pic32mx/lib\libc.a(_flsbuf_simple.o)
 .comment       0x00000223       0x4b c:/program files/microchip/xc32/v1.30-tc9/bin/../lib/gcc/pic32mx/4.5.2/../../../../pic32mx/lib\libpic32.a(sbrk.o)
                                 0x8e (size before relaxing)
 .comment       0x00000000       0x43 c:/program files/microchip/xc32/v1.30-tc9/bin/../lib/gcc/pic32mx/4.5.2/../../../../pic32mx/lib\libpic32.a(write.o)
 .comment       0x00000000       0x43 c:/program files/microchip/xc32/v1.30-tc9/bin/../lib/gcc/pic32mx/4.5.2/../../../../pic32mx/lib\libpic32.a(errno.o)
 .comment       0x00000000       0x43 c:/program files/microchip/xc32/v1.30-tc9/bin/../lib/gcc/pic32mx/4.5.2/../../../../pic32mx/lib\libpic32.a(_mon_putc.o)
 .comment       0x00000000       0x43 c:/program files/microchip/xc32/v1.30-tc9/bin/../lib/gcc/pic32mx/4.5.2/../../../../pic32mx/lib\libpic32.a(xc32_uart.o)
 .comment       0x0000026e       0x9e c:/program files/microchip/xc32/v1.30-tc9/bin/../lib/gcc/pic32mx/4.5.2/../../../../pic32mx/lib\libe.a(_floatdisf.o)
                                 0xe1 (size before relaxing)
 .comment       0x00000000       0x43 c:/program files/microchip/xc32/v1.30-tc9/bin/../lib/gcc/pic32mx/4.5.2\libgcc.a(_floatundisf.o)
 .comment       0x00000000       0x43 c:/program files/microchip/xc32/v1.30-tc9/bin/../lib/gcc/pic32mx/4.5.2\libgcc.a(_umoddi3.o)

.debug
 *(.debug)

.line
 *(.line)

.debug_srcinfo
 *(.debug_srcinfo)

.debug_sfnames
 *(.debug_sfnames)

.debug_aranges  0x00000000     0x3b98
 *(.debug_aranges)
 .debug_aranges
                0x00000000       0x38 build/pic32mx_eth_sk_int_dyn/production/_ext/1951764757/system_init.o
 .debug_aranges
                0x00000038       0xb0 build/pic32mx_eth_sk_int_dyn/production/_ext/1951764757/system_init_private.o
 .debug_aranges
                0x000000e8       0x38 build/pic32mx_eth_sk_int_dyn/production/_ext/1951764757/system_int.o
 .debug_aranges
                0x00000120       0x20 build/pic32mx_eth_sk_int_dyn/production/_ext/1951764757/system_tasks.o
 .debug_aranges
                0x00000140       0x28 build/pic32mx_eth_sk_int_dyn/production/_ext/1360937237/app.o
 .debug_aranges
                0x00000168       0x20 build/pic32mx_eth_sk_int_dyn/production/_ext/1951764757/bsp_sys_init.o
 .debug_aranges
                0x00000188       0x60 build/pic32mx_eth_sk_int_dyn/production/_ext/377798159/config_performance.o
 .debug_aranges
                0x000001e8       0xe8 build/pic32mx_eth_sk_int_dyn/production/_ext/1697634946/drv_ethmac.o
 .debug_aranges
                0x000002d0      0x3e8 build/pic32mx_eth_sk_int_dyn/production/_ext/1697634946/drv_ethmac_lib.o
 .debug_aranges
                0x000006b8      0x2b8 build/pic32mx_eth_sk_int_dyn/production/_ext/521481140/drv_ethphy.o
 .debug_aranges
                0x00000970       0x38 build/pic32mx_eth_sk_int_dyn/production/_ext/521481140/drv_extphy_dp83848.o
 .debug_aranges
                0x000009a8      0x198 build/pic32mx_eth_sk_int_dyn/production/_ext/184581597/drv_nvm.o
 .debug_aranges
                0x00000b40       0x58 build/pic32mx_eth_sk_int_dyn/production/_ext/184581597/drv_nvm_media.o
 .debug_aranges
                0x00000b98       0x50 build/pic32mx_eth_sk_int_dyn/production/_ext/2138650627/usart.o
 .debug_aranges
                0x00000be8      0x2d8 build/pic32mx_eth_sk_int_dyn/production/_ext/1104573755/plib_eth_legacy.o
 .debug_aranges
                0x00000ec0       0x28 build/pic32mx_eth_sk_int_dyn/production/_ext/198928529/plib_int_pic32.o
 .debug_aranges
                0x00000ee8      0x1f8 build/pic32mx_eth_sk_int_dyn/production/_ext/52938249/sys_clk_pic32.o
 .debug_aranges
                0x000010e0       0xf8 build/pic32mx_eth_sk_int_dyn/production/_ext/52938249/sys_clk.o
 .debug_aranges
                0x000011d8       0x90 build/pic32mx_eth_sk_int_dyn/production/_ext/1750042194/sys_fs.o
 .debug_aranges
                0x00001268       0x80 build/pic32mx_eth_sk_int_dyn/production/_ext/1750042194/sys_fs_media_manager.o
 .debug_aranges
                0x000012e8       0xe0 build/pic32mx_eth_sk_int_dyn/production/_ext/614935175/mpfs.o
 .debug_aranges
                0x000013c8      0x1c8 build/pic32mx_eth_sk_int_dyn/production/_ext/1964723635/ff.o
 .debug_aranges
                0x00001590       0x38 build/pic32mx_eth_sk_int_dyn/production/_ext/732200470/diskio.o
 .debug_aranges
                0x000015c8       0x98 build/pic32mx_eth_sk_int_dyn/production/_ext/1042686532/sys_int_pic32.o
 .debug_aranges
                0x00001660      0x330 build/pic32mx_eth_sk_int_dyn/production/_ext/826631961/sys_ports.o
 .debug_aranges
                0x00001990       0x38 build/pic32mx_eth_sk_int_dyn/production/_ext/693918571/sys_queue.o
 .debug_aranges
                0x000019c8       0x80 build/pic32mx_eth_sk_int_dyn/production/_ext/1886247299/big_int.o
 .debug_aranges
                0x00001a48       0x60 build/pic32mx_eth_sk_int_dyn/production/_ext/1886247299/hashes.o
 .debug_aranges
                0x00001aa8       0x58 build/pic32mx_eth_sk_int_dyn/production/_ext/1886247299/helpers.o
 .debug_aranges
                0x00001b00       0x28 build/pic32mx_eth_sk_int_dyn/production/_ext/1886247299/lfsr.o
 .debug_aranges
                0x00001b28       0x30 build/pic32mx_eth_sk_int_dyn/production/_ext/1886247299/sys_fs_wrapper.o
 .debug_aranges
                0x00001b58       0x78 build/pic32mx_eth_sk_int_dyn/production/_ext/1360937237/custom_snmp_app.o
 .debug_aranges
                0x00001bd0      0x178 build/pic32mx_eth_sk_int_dyn/production/_ext/1360937237/custom_http_app.o
 .debug_aranges
                0x00001d48      0x138 build/pic32mx_eth_sk_int_dyn/production/_ext/1164207549/arp.o
 .debug_aranges
                0x00001e80       0xd8 build/pic32mx_eth_sk_int_dyn/production/_ext/1164207549/dhcp.o
 .debug_aranges
                0x00001f58       0x30 build/pic32mx_eth_sk_int_dyn/production/_ext/1164207549/dhcps.o
 .debug_aranges
                0x00001f88       0x70 build/pic32mx_eth_sk_int_dyn/production/_ext/1164207549/dns.o
 .debug_aranges
                0x00001ff8       0x78 build/pic32mx_eth_sk_int_dyn/production/_ext/1164207549/ftp.o
 .debug_aranges
                0x00002070       0x28 build/pic32mx_eth_sk_int_dyn/production/_ext/1164207549/hash_fnv.o
 .debug_aranges
                0x00002098      0x148 build/pic32mx_eth_sk_int_dyn/production/_ext/1164207549/http.o
 .debug_aranges
                0x000021e0       0x58 build/pic32mx_eth_sk_int_dyn/production/_ext/1164207549/icmp.o
 .debug_aranges
                0x00002238      0x128 build/pic32mx_eth_sk_int_dyn/production/_ext/1164207549/iperf.o
 .debug_aranges
                0x00002360       0x88 build/pic32mx_eth_sk_int_dyn/production/_ext/1164207549/ipv4.o
 .debug_aranges
                0x000023e8       0x40 build/pic32mx_eth_sk_int_dyn/production/_ext/1164207549/nbns.o
 .debug_aranges
                0x00002428       0x58 build/pic32mx_eth_sk_int_dyn/production/_ext/1164207549/oahash.o
 .debug_aranges
                0x00002480       0x88 build/pic32mx_eth_sk_int_dyn/production/_ext/1164207549/smtp.o
 .debug_aranges
                0x00002508      0x190 build/pic32mx_eth_sk_int_dyn/production/_ext/1164207549/snmp.o
 .debug_aranges
                0x00002698      0x118 build/pic32mx_eth_sk_int_dyn/production/_ext/1164207549/snmpv3.o
 .debug_aranges
                0x000027b0       0xc0 build/pic32mx_eth_sk_int_dyn/production/_ext/1164207549/snmpv3_usm.o
 .debug_aranges
                0x00002870       0x68 build/pic32mx_eth_sk_int_dyn/production/_ext/1164207549/sntp.o
 .debug_aranges
                0x000028d8      0x268 build/pic32mx_eth_sk_int_dyn/production/_ext/1164207549/tcp.o
 .debug_aranges
                0x00002b40       0x50 build/pic32mx_eth_sk_int_dyn/production/_ext/1164207549/tcpip_announce.o
 .debug_aranges
                0x00002b90       0xa0 build/pic32mx_eth_sk_int_dyn/production/_ext/1164207549/tcpip_commands.o
 .debug_aranges
                0x00002c30       0x90 build/pic32mx_eth_sk_int_dyn/production/_ext/1164207549/tcpip_heap_alloc.o
 .debug_aranges
                0x00002cc0       0x20 build/pic32mx_eth_sk_int_dyn/production/_ext/1164207549/tcpip_helper_c32.o
 .debug_aranges
                0x00002ce0      0x100 build/pic32mx_eth_sk_int_dyn/production/_ext/1164207549/tcpip_helpers.o
 .debug_aranges
                0x00002de0       0x50 build/pic32mx_eth_sk_int_dyn/production/_ext/1164207549/tcpip_mac_object.o
 .debug_aranges
                0x00002e30      0x2a8 build/pic32mx_eth_sk_int_dyn/production/_ext/1164207549/tcpip_manager.o
 .debug_aranges
                0x000030d8       0x30 build/pic32mx_eth_sk_int_dyn/production/_ext/1164207549/tcpip_notify.o
 .debug_aranges
                0x00003108       0x70 build/pic32mx_eth_sk_int_dyn/production/_ext/1164207549/tcpip_packet.o
 .debug_aranges